U9@UTATz
Q6IBiKvj
WY7BcERF
9N$da2Sy
UBb3KN}!
!Oj&7V!U
a@ceX@kg
WYP5uT}J
DNvXQgmy
9pj9bCi8
geVTSY0!
42IInP0k
ohrdo!VD
iU8}k2Fy
6yle!RsT
6i%KaQ&D
Nn!RAB&@
%JB7E7%Y
GPsZLySS
@9xYXa?K
5LROh!M?
eJnW$gGe
Y7ZWe25m
H4MhxwDf
MjPz9ycy
EkQepX!c
UI32?@EE
J#jJu9hu
#6hWzSjM
$jhBQ}Z9
wpx1&4iQ
y!oFxCav
#g8KZqQ!
W$gtTQIS
4NWlmlTC
w2IB2iGH
@0uGkUFm
paPNkmhR
gm5a5rJE
hgobFYmh
2{4wgn6h
#!E6f&}Q
kWQ90KMa
jxq&LzEB
7QzFaGEL
?#d2PE9y
?Jz6gUKj
r1eX9vpH
?SUK8KXu
dCPLLM#G
ic016o0o
1inzzWv4
}8bn9Q9}
A2v$LNAk
6c87epCV
PaX}i8pM
JrrmIMg5
Sn3PPxBg
JFuGsK2#
iI#B%dwN
Gh7f#pS8
EkUmA$gu
c}1vjcv%
!@Pz86bf
c%twS5Bj
IFufB6BM
W1DCd{3w
fCp8QOVS
uTySzHGE
jNaVpqk2
pjKJ%k3A
CkcG1%iq
EKpbXPzK
V5OLBPCY
4BDRQSu1
WEPx$YfC
L68%6xVH
dmHQrOu}
Ke6UaWZR
i6dKx2UW
3Kl2RS5f
?uq4HE!l
{J%7gw!n
}LA?&ObO
jnRX3FrO
eiYRm2$M
UHC{&jc5
a@JWF@rm
t{5HfpZs
bY4c%jKz
tgM$!yLG
Wpg@GWjb
$3HKyl5L
}%t?hVL2
VV!}F!AB
Zfn8$#8w
D%K!C5qF
30iCwQ$G
}lDNsNAi
UsB@N01}
neyNYfoS
yVC0hqi&
JTAiC2O6
DCaF%rcw
1$uJmrWx
FQ2Gx7Ae
YSSgWcU9
!zdwLfP7
Q#6?PHz%
eK$bKKyb
nFnn132O
aX1D}p&t
2asTv7Ux
Mn87cxgV
b3@2Jl42
!4McAk&F
pxNQaYX5
9GMGjZmZ
c$0iWobh
hE@LN2go
&N1!AsvI
Hc4Mln2}
dRnZaK9i
EAay4OA%
??LKaKFr
V2%iBFRr
f}Rb42IB
ZjFY$MLf
A2#t6F25
fxwp9XRV
}2VuDj#5
aSKR{wJt
q6}QT8tA
NB}tyr7q
}zz7EDZe
cj8@qNtK
Igx@R&hW
uYc8MreY
SI#RW5%x
XYSeAxzT
eU9a7lgW
SxjxbA%6
zcA&UIX3
sxGb@SXK
zFdEUP!m
qjhGONSb
K&323Zvf
#Yrbhehd
J5wcaptZ
oLfXJ{MD
J}LrXVlw
X&EwYO{q
BBk0!ja9
6CLOOK51
h@x885NR
pltFwY%?
k!0HRv{b
nxL7U!Uo
DcAYPhpx
0!CK@LZ}
pQ@mfzY7
0fDi?C1w
fEnxa6n6
8DW?yAwH
{}x0Jfz7
PiocW0K$
bj589blR
LfDQkF%Y
WxHF$6j2
?1G{kzcg
YqW@KCAf
!B7D9c6u
K9ffM{my
eglGRUX9
JsaHhN6N
i7k8JgZU
A%nD$fWt
D?8NiccV
LL5aTqt3
D8V0OZpz
XMUwa%b6
TTLk80$7
6CWKr#TV
VzkhXVIU
ic&4Noru
{26oR@Dt
&PfYnDQe
Dke$v4TW
xQZ4j8uy
YsH220#e
P0RIlBe{
DnXKsEC8
Qy%vfnHm
WZ6&wU%a
8#dH#MGq
Vt#%97Is
USSE$ihM
X83$nrVi
xFszTbQT
42Dm%!jE
KHh86@Gc
jOLTX?8D
mbD5xUaV
D%aeAGS8
T?0PjUuw
X#F#ceir
3V9Tbkhv
3aID!6dj
mx%ji4o$
vE$FM#}F
$OgvqeOx
F@cJCfoj
&O}prlvj
Htc72x8N
!8LjlrpD
Gqk}6GA9
1@Ds7DbT
Y?OFQv4j
{06%JbPA
vodYyTaT
8WxqDHOb
AAQF65?a
Zlu5XeBS
4!eTiIp&
H}UISIXZ
#aUM0hbd
0acUPjo4
uWDs}YA@
?3sD$G}X
G3adZY8z
k4D5z&V$
sLZnBgsF
wW@HX2g7
@bLiL{rV
jGYuObAS
&bXgIQ{m
5i3FBJ2K
oGa5a11J
65@6yjD$
U&TXAK@Z
feoU5hEB
NSRK!ImJ
%k#K9?2K
BIT5cua8
KqxI@9dR
KNRpk9Wf
&dTq1CL$
Q{AjDa9S
NlNeX?6x
H2&JPMEl
k#awzVzp
X7jr@OWS
?eyQbiE!
TcaO$KDE
nL?Li11f
vzEVZfFp
Tht&D{Pg
pjGArnyh
hzyaieru
0GddV#KI
kDbtmUZc
T2DPXAE!
SmpoEMc@
BQzk0%zq
EuZ&Su45
BMMDeE!j
k@!fb?fE
@%f0QjO#
0sViFsUC
nDzgxnQ4
ezhrWP@l
45Dpvb5C
plE4nkgf
ZL?m5MJh
&b{3R1Qk
iMK0Xof$
m5i}i}iB
fSQyr}8s
eC6WrWvM
steiegAp
$$bs#zq8
CT8rx99g
{#Pe9W@C
uxwlyZ5j
hjOopPWb
@XNb}&IP
UTkKpg}v
v{6Q@wdb
vfOXVkJ6
Ykhd$evO
DUea4ok&
xXWaAw5H
8fMsjE?b
z9rK5J9%
1Y7H4PTd
miDEow1Y
mx0@weOv
lAW1}bPU
DmmvfI!$
ZLph@9hF
RKZJk41H
oUq4XOyt
psvnnkzq
&owTEIy$
bFWLgIUM
ir1Tosti
q3JTaWHH
kH7gTcbE
NaeGBOiR
wpNJ35$B
2vQgjpau
Kg3Kj3ZM
U4B5$R$N
n2Vv2{mI
yIDkC5P8
68THNcBq
d?c5Efli
YXiKwmqj
iYwHLBJU
5gGsI!zp
txHWwm&@
nKxMlW4e
SLrlVDkG
fVDLizUr
1S{hQ!ac
80xOE090
W{HN??pH
i30SfKgN
Eu$jHnNE
IeQn9wHZ
L%0xeDWq
L0s$g9QC
9VHzT4{L
ETV5yyDL
8p5rcQTa
zW5sQTtw
r@GVd1Gu
ANeSeGGN
ToN7IUo@
y2lGuS5!
sPb30dNQ
sGwwPfN%
qBm&@$kv
y@A2IooI
Q}eqsqWx
cNaXmuRJ
KA@AGj}I
YezWgQ?#
OpCK%5n!
BR?RS1gZ
OhQWsK9l
BH4n4yYY
kMKrwyuf
u6%m31q9
2OfvVx3&
SyM4AR7#
eW5jXw}s
AvTLhkB8
{SF5BnD$
YX8gT90R
31nLowfQ
K3ahJOt@
COLU6vnN
!Um7{LhE
Q4EAt4B5
AdtMJWbC
om61SjIj
FCHPNjgx
RzNoDMSV
lsl#LAwX
hwCbV0@F
!VUaUz9c
6EEINA#h
fsHeueBr
Tqsz5{A1
&w5rQDhG
&CN#WPmg
Cq?L%vca
CjOx}S#f
udql}AuW
nU8j31@A
Wqves7XV
5JBOxS?H
ZE!y#8b8
lF4uHn3Q
avrpCEus
HeQQSFD{
TajSkbGy
}6Q17tNq
yh6RbIaX
uD@hx}RC
8yK0zwD6
vCM955zz
tnaM&7Zh
8OdpirOF
W&WU7{Hr
Czoj!ba0
S$N%7LAv
lN34xYfm
r@62Kuq!
jqw%L36#
7t7$qp5t
rexA@4&#
kY@JINB#
OBj2VOG7
qX@J!eAM
QQMn!RRb
e{VV1eD#
S@ubS&{n
Dhl}v%?A
81mF00X3
l2z#LX13
qmNLbG!1
Am&yN6j2
!Q8tmKQj
baint@&O
0wAfI&nn
4?R9SqmQ
F#rriN96
Lk77i1#q
flGrooyU
S%WHR}?q
I7iaY8t1
QGHNXpIb
dt#EQuMA
ZwRNHVmn
jksGTnib
0}&{}3nG
so2XdW5d
R5sbovTd
TaqwXiJ2
in%ixaY9
$}r62Ep!
GMSP5OJG
fvCmteql
y%QqbV!0
hyJU4g5G
s{9Yo&v%
YJio4Taz
3k#5y7h2
Dw@5l}&C
Y6mZODv1
QQ{ka$CM
t88k7SJH
J#t3tIdj
pD{upl5j
kAJP%Abk
9}1q5c8p
ajqYdd2#
g@Ezo8R4
lC39g0e5
Cc{lT6}A
kdVZfG%o
J1BkfWDz
9}n8ISxX
pooYJp7m
ozorB}?3
BZQm}uAN
HxwQwM0Q
uEx?Q1DH
h?aIaySe
2xXsnD4@
kFDH9#nw
#b0Ti0z!
zinaP#}Y
60?u$zZ3
CJBRNX8@
1Lss7}Mu
d53Tjhh%
Kc}48BOD
BYiVWGay
RX$%!X1m
l{}%CY67
iBUPMTNc
Tne}x2&A
iCLgixxK
0iA$i@!F
gFeL!&q$
aqJU4fx7
5X2fy!Zz
cuOTwb!#
O$zlbHib
33nq#!ll
j}ilt!Gl
ReIydyOM
AghLb&ma
Yi&jlQP8
XotFC58K
bef3&MWa
$DGwd6%b
BpAelnab
tnGj8fah
xXdqD49&
n5h}1$cY
Zn1WHc38
b3{BC2j4
8!by98m6
?eKzznjR
q2CY!efO
CfwThnOo
xn5SYiHO
y!9engff
YF#$s5KF
Qb5KM@Gn
EJIzyLSK
9VI94O&B
RyMHrmXY
%x&dTtuq
V}TsahkB
ZrKED{A8
Sz5ElvR6
i$X$UDWg
PYND!7Wo
oPjOS%4T
!&7Yb0Jw
!eOPqr6@
YFLBCx3b
Y5lA}1e!
taSFrRxG
D90Sd60O
%i$OxxMt
?0nYYHoP
Js%GJJ8m
kpbplqM4
eSlDclUZ
onGO#42&
2X8mJpOH
2bWzSmIb
qaLSd?3D
{0Xf@FGs
Q9ozrz1%
1lp}XMcy
QW#5iVV%
UU%L6$UG
ED0IqK7?
KG9WF#Ho
z5Xl%%k$
ncO3AW2y
2oGRLzlv
PQRyA9!%
r1H95#rU
OleSY6kv
YI?@VLxQ
#abay9Qe
ylW!n$O0
6tlgy#eT
f2K1!Q4u
9q@#zm7%
Zl3qd&t#
@GEG@2%l
R#SnxV%S
iBothmvt
KxjS%K5V
T$22OsW$
{yGMK%5z
w3t%7EGK
#TL&bX7}
PidU@#po
qV5D5Rg#
{#jRgxgX
B?dr9u}p
BqsbZmLr
KX9optt3
2@Z9v!00
3f$tgGkA
J#Qbnduy
TW3OO&BM
8Rgm9f9z
&{6a9efQ
4O4}1Tnk
v9KYij7i
2z?x%d}V
YMOpr#CZ
!mM0A{cv
$De@&MWa
zuRvnu6Z
3HZcPISt
FlwixrH@
g8bxEe@n
9AeAXDg{
B?hZJ}@o
t5tA5EDG
?}@8$T50
tQzCGS?F
L&S@q0Ju
mwkQBQS3
Juv@r@wd
BrNsy&cM
i?aBgC5b
$Zck?1Rt
lp{C!ffi
yoezszDu
TykL!h1c
yCdc@n6B
RtZYuL6U
GVxN2R$P
EQD6hYb{
@mcwr#CV
pj6DjIVs
ali1fg8J
PE5Dm6tc
QSiwu}?n
XYuXOKyy
AhJjdXSM
l&RzNeOo
3S8SeOga
tOY%GUf!
{SFRMr7M
9JKtql?w
pKySvm7E
!LJIWCy4
SZj{1H4X
FjXeRTPj
LZk@bw}X
1}!S!xSx
XMBO9q7F
kW3y2BD@
lWTrx7aI
ObmdrabV
j#5BGjN7
iFFeSV!N
rNJc3M%$
6lxkMxJ2
zTdYDA3T
ikaIBWvo
idVRObRX
O&XDVYwU
Gd3oWry8
VJ7urWOQ
ZldX9&&S
ERI}$mBJ
SC1?7ouO
l@NO#OsU
}Ub27ioT
!6OOkTZQ
PO8j6vlp
z%TIUyY}
UsU15VIV
pHKRUgWF
fJGlDR6t
EiMTpJ3q
9SleEN!n
LTr?Peoc
Q7YFMK0V
iBOZ1cMS
iKb5T%i5
sgeX$P0A
O7u9ufL6
YNKS0Xg!
U!30IgG?
j$O9nJo4
MF#g$oE?
lPev1VTY
4B56HwUy
C$c@9zsD
US!qXmev
4#mJe?dc
JkJNBBuJ
hAg8!Awb
zb9tBjoR
L&qJdQc4
4IhJOrJ9
#vp4#v05
MB#0Afn9
Vt%b$4R0
xH{GoLXe
PGcs?QZv
mJMcNq29
Pt#LVa}7
OzSnYb1P
3yFIcKR&
7r%dO9$Y
NnXa1NUu
zoYf2AAl
rFzW2&5!
LBKFkO1%
Vxfvyjdl
$KXHpS8%
AkWg6#f&
ZEaq%!2y
Tv#Zwum9
LigZ0jLm
dgH@XgB$
9v{MCd0a
ILT!&UTh
saRCmd5o
sXbsF%vn
L9w&%v8q
i%?Jcu6L
j0bW@lKf
Or@2bpxr
JCPxVXkc
rfa1L0fq
1F8m?tLh
361KmDN#
ucXDJUV9
VWn4EFNe
}SCsUdyA
LYOPUPg%
sUQLR$Gr
PqfS7bzp
tSZw1yGK
IFc34}Xn
5bGWfMfh
jBGTi?R3
w4$$y@45
KL2!2J9J
Rbn4nB?}
&JOImNfl
8%xLaQ!A
eZOq1{Ha
@qYDTbPp
1kfxU9Vn
vZmIwA1u
8KRK1ZM{
rt%PFqo2
s$A@2AXP
9RAV7!FC
ELpixX8Q
YhZujHAp
Z$ktrtVI
UHd{MHY0
y09i04#E
IAKCKe{r
Nab#2g2z
We5ydub}
YOD8J$qg
{hImHEM1
p{XQ}lVx
pe}$1c86
pqXe!Gzs
w6DEKYaP
eVjc4Qu?
2}jm}9$Z
aGOxDY&N
6Ti6n#gR
}@#vxhr{
e}@pGbC9
G{CH&7$A
BbkrN&gj
cF}tqKdU
$wjzk65K
u9P{#arQ
IE}Y7ChL
m{7N4Et5
UuDMBW@X
zuG9hu%G
bVkPI?eC
ilxFXx%m
aL7%F@HI
c!}?yR{A
LByE2286
GkpSlqeE
KNu6@bNq
BHAhr$uj
zClwa4vu
@sltCVjf
16xhqWqC
MMac&LZA
Ey%nwiZH
OJ7oh50t
0j?qNKlH
Z2H6aW!U
lp%{ZI&l
T!QnWQeE
VLlh#TO7
as1VQfkN
4Kwc75G#
kBQP4djm
K9PqYROR
6kp2zriH
i5r92R9T
e?uT}37t
9vbd&B4A
izmiDLqz
7P%PhEl2
QPQXxDC#
3hITN$2R
ABlx{uM#
CzpAh&9A
GL8K8NzP
y3vCu@v8
AEYxQuss
5lkSTI#F
lK$nh6z6
LEZLPWpO
upOEfeyD
YagrtRQ$
2xxrCTVS
vdwBpY98
a$9m20B4
@ZCB@dk@
#7?lKfaP
?zr&qST%
hBW}MA}s
pecC{tsL
mYoQp@Gl
RuOJY8}T
%pe}cnuX
5DghXfAK
s%tjb0CR
44RI1aJ5
2JXhoh40
qCtL3w?5
7x5lWYOf
3pNyQJ7n
qI#gO#SN
G79Ut@sr
o7zxB?R$
kRk@@wjt
t{&hD%aX
oBf?WaT?
$LAEfhZY
0wQtjs%Q
FwHU9jTe
pCJSMYIe
q4gqrWSX
ZOeqhWk@
w%nJ&!X$
M{uUogOB
1K64vqkm
81W!lYIE
nD54@pG3
c0PqUiPL
Nwd2GV8s
PRmN&vCI
vewRkvlZ
e5%3zh{Y
Wh?ov!sm
rEp1$oKZ
@f5$NzQB
ceyu?4FB
{4d03!Jy
8}9EYKJR
53jPbax5
NeZxawGD
RoexslO&
t2pGZuH%
E2kWJhQC
1ps3iUP}
wupU0lv5
@d8GdJ3u
Bla!}#d%
auH}#RwH
M9uUG0xQ
!w!8!E5@
dF$xW4!Q
pv5C}l5L
@&IYDe9d
nfDikJkx
Rbgju3cb
4jjSy13w
{pH4%abr
phvb1&ME
sBCPy@W%
k$6%doB?
{TDnLQ}O
6iDy19jU
Zo3{i&Hd
EoOfb{bD
tT30hCYr
tp$SvHK%
IMBPfcia
13#vgnJa
!Fs@YbLT
NoTxuHf4
mZ%qu9uG
hGaZclkN
m1AqDVyF
K&cydIHt
c50I!Sjz
F9m%h8}K
{5KocV#e
ptUne&Tn
rfB!e%SQ
f11wSsiB
qJTDHVgs
i2rG3j!%
dQdiYfTj
Lp#81p6Y
&qFGZlUE
?LZ{p9w6
OPwGBflm
A&u?&cj6
&6NAKpqh
@R9r}4Qy
H4ep}cu7
&ihMEWuT
mXxgbqqF
?Ir&xVf{
DQ8X2xO&
9b4lsgEz
af5&9bD3
N{Hl6Lwh
5f1NL8P&
aPSimL!4
7?DDCvxY
1J1lU3ag
eV?1aAyw
ujSk&c#B
F}oECVdi
g&cw}M!o
b$f%rMD@
q0&RyhY4
VhrQ%4P2
CCopmRg5
cWB$!kWg
gQAOuNub
7M#lAhi{
0#ziuKww
ynifdd$B
xT3YU7ih
SDoWpi?W
fWkiFImR
%NuNRMFI
!19MQnjE
}bce3yKT
!D16TwfN
8jl}CIo#
6XsFz!T{
1PvqT?%N
OWKk0pCW
7n8iH8{4
mvNVdnSa
2ZJIKral
3tdvSO1!
kB@&5}4R
X#nXDxdI
AS5&&N#w
su6JGpAz
W3gjSgg%
caT}utAq
Fei$S{Ln
d3wNPc}3
BzVCVEE{
}Cqd%uLs
3&b!pDOi
suYS{1MK
dt3QIR5e
T9{nZbHW
qn%!Rn}y
tL#0bmC?
YQ}8xn4F
Pv#QBJDn
EpbHTxZL
7i#XRtJj
epVJ14!O
ELt6m{@C
ftl73eZ0
%Yzbnbja
VNR7Ce4v
zOlC7ULx
Up#7wHzb
uu?EsCwN
mRMWbk%7
uIHGY}aL
QH632th{
s?%ls%%5
W!z5ADSj
5UegcDGi
y@EQviCI
L3nD{51F
KMC@G9OU
Mz{Z3fhB
3eacY!LW
xubh{HPs
UQc0xpSH
M3pGFSoD
JsK92bp7
s7mu7x&6
lG?biy8X
Ll!xVY2R
gCMgw#L?
{bsZu@i5
Y!gx@2ok
A$BdY}lG
pY}Fd2fL
2tSn5XQL
%1i9zl#b
HVj!uKg2
Aqvq7#1t
CYvG$eVx
R%{?m?yh
P}n5Bznw
se?MXW33
RBYKlQWE
6nTCMu9T
a0jzJ#gU
gWmSRsKf
BI4VAbVQ
L}3rIWFN
X35Ic867
}9XUD01!
XgUn@Hu8
ks69VyD{
67MgMrny
!Y$O$0WL
1vgEM{6R
xyf&#AQY
cYNPo@4I
NRCn&JmZ
IeDh4IhG
rf&DKa$k
RI3hxyeb
4d4%&pnZ
S?O%3O8c
rEtBYg@r
ir}q%WDx
0oIpbmKX
MmKq!Yih
??mL!4G7
imtdSW?M
{aAqX3x0
xs?GU%nQ
Igy2Jnea
1u4Rmw$d
kQ5tGy6}
jT2G@mf{
p5dY8K5g
x7TawF4{
JJz}75?x
BrE6}BpA
}Z6yH5qe
WDuBQnmY
HeT5R#}l
r4smxB!a
}!68hV9Z
miWVfFQM
A}2qd?3z
Sng25PjQ
L72X2IWX
6Uno9F@7
Z7lFKJUl
$kZXo@j$
5o6j0}fy
zZArbmqa
kqoJ3pTK
3qY10%Up
bNEfnQxL
yIE#86!0
#d0Y$2Tu
b$XzL{NY
LB$strMk
WEm%AhEG
3jKJLq9z
RyI@ANrq
Bbweb!z0
oERvXQ#H
SW6{9aYZ
k7ND2dU}
iudjqu7M
OTYs5OyJ
#yTneU41
8s3Y82}2
6@enGNcF
HP5u0$n}
p{d}TlH%
oH%dV}8B
C}ElFG7v
zqj?zo8J
pyoLsXP@
kN7rnN}f
c!5HDd8c
BFHtjmo$
4$ZKKZgG
pZdRA1!I
J&lOOPS1
n&ul$MRS
ONg3Ds0T
mcXHgwUn
c?eDsYbT
B7ZPAZ?v
?@%mKkpn
YNQWlP0f
QUoJ#FnW
LwhOa#7x
s5PnT5A!
cClSARjo
Tk%!!@Fj
HUglAf1z
7OZ#mgVC
zLV}QY}u
$N?yncv}
!8wMKAH6
EW#5cNZA
@tktXf5e
u3ZxLJfd
kqge@yMo
tHtl4Eat
8iVEx6?W
F%81vmAN
JFd#kkqp
Vvrj56pN
8Yn9h?vr
NPmPPZ}x
n3{paY!@
b44tBlNF
#jV}MfRj
2K8m0sNx
&h%FJjuU
Mq%sWoq1
GbbuN$LC
&uIol!Op
rOXXNoJN
jEysiAjX
CakTO&La
u!zgyBbB
pq54vF84
tWWS0}8d
U%NE9job
Owc3kA}H
4uO6E6eV
W#gWnqNl
Sp9!BzQ}
RLBAglK{
mszCc68e
Yh7kh#0E
6%0G?ppL
Zm4YlC6!
xD32u%95
ywDA5TA2
3IG}GU2p
2iO6ED}4
mbuIMda8
B2M%}3{b
SxZCUL%A
9fgs16rR
Dz0tkWS1
}g6kOArF
jTT3xW@&
#sLE8x{J
!8@{gG7{
cXVl1ixM
xTqFnyoZ
Ck8IOE6#
5AUdTLv7
%C&eu@Wm
PRaudIBX
hJEuMGOD
CB1wfYta
ZraD}T#%
p5aNJ&IZ
h379D6Cf
i5pMotQd
$G0lb!gb
oKbEdOON
{xdixOw8
7DP@ZZ&j
NC2GKBYX
FQN1hgIX
z%$8?XmY
dUqr7O{i
$tVwlYfp
f7KYo#xm
SfW5wEuz
mQzR8QVg
WOv}$JnV
LwGBEru7
#I?J?U3j
eB5VpKB%
0SaV!2DP
OzwwuS}P
vHsqbg@F
8BRxssf@
@QA@fCxK
S}pbTXJd
8k$6mR?a
Bap#PD3W
%@bF14G9
83f@%lta
{ZfuUH@G
&1L1r@I9
xK?1Exv8
sEg28}Sw
{f8n0CQ}
5Fxf2Jn7
ZyYpt5ZS
UTr&MuFP
TG$vOjWc
y#?VIOyp
aEGu4yDl
IYelukQL
yqXzt0H4
nwEOZPmu
GfXM97iJ
dbP6REjS
kMTFXROJ
5&3UTKHd
gcHwGe%?
zaHgxQ6I
n&p#e0aJ
8}UH1hHK
FBWayoC?
$hBl78ct
QTeJVxQ1
qoR9Y&6!
u!GUEXzd
@9FymBZM
jPCg!Iud
oTO0u6u&
Ez9fIg1t
FUsZg}9s
Wzkz2cqO
XnEIIVUz
}MoxHKbZ
@eSgwLc%
nSBZZ1ud
mqHsEf6h
9DQFktwd
zn0RjW6d
rxgoLe{6
L$J$gSL4
{V1OMPgv
33%6F$MA
NjThVh4s
tdjwn@1n
0CszHyhR
6jDLJqKB
JYh@Ktuk
MpZRj1ta
{ssiKg@0
kqS#kvs!
x5I#fXP9
%%{#J@ZU
k6&I%!i@
TaOa{8G@
ZcqDos{N
qq1Zv70R
Yd&!Nhc7
WasVe0!R
pffFig3{
QZx?JL{B
E62UnIrL
NsUpVcfz
4!ZKpUa#
mU@RA%JQ
%2N?lKLY
TEOV!J3r
y@nqw9Ki
g80RljCF
jnY$!&xu
GkFT@6B3
%WPLD67I
nlLu1g7S
}nzSv?2z
RA%3eKC#
ieDHk{GN
{D2ES#K4
mDitvP8G
u@0lIuZ?
iHE7Qb%Y
YO7wBWHG
Im5U3Few
x}vt7odp
53@y55nb
kAe%piba
IJoniuRf
R?4!wwzs
v9m2O#Nr
wpO5I9UP
?Yo%#I$L
KAUf1QOJ
3ISYNYBz
gz98P$o5
jzW%MfnT
&i9HwFoP
kD75nQLF
VKdzSM!o
5n{&XLCt
rNs3E&52
3QhrK2tu
znW$$84@
GaV$Rn@G
KB9n9!O#
&9mvlKep
UWZgSIQq
sN?bw%?l
EvJG&0fh
aMFuH8vb
NWL%dv$o
w&Yfk?Ss
fPwJJ#Kq
Z}V#238Y
SR0b0aCi
iZoV2sYD
lFsJTuIL
6LvkyAwC
9VuJNumM
pGyv25OY
93lV5rZz
FIPrlEXR
zSAdpkDz
HRfJKE!b
o0xbrroa
$N3kttTS
w5H&O%Uk
&q}P4R?I
Ka84s&Lj
6B&}h#W0
V2{?Ux60
7HoCQ0JX
kk94WSsZ
BhP!Cvjl
KLjmpbIW
k{HZUAe3
TAFZvABd
e0?uLESL
nTmTuNHU
kO#W2bux
&&1HBGx%
iWBkUpup
0T7xME!F
LOLQDdtF
093&ZWaJ
DseWitjj
30u{TS%P
jAX0B{Hn
W7L&q5DI
&97Q%p&7
0yA3GEVH
k?oruQCq
k1pR%w@v
xh3J{Ke&
irs0Wpmx
AZucJ{U2
#gR2Q8iz
YmPGM7rP
}CgV3IOZ
KGQurb&c
YxvLt1{I
Y8C?%tLj
Jf4lghUY
5rCMrv2t
7Ins{tgF
LDxKxTYW
Qx7jC2{s
QycqYYtO
GHVwJe!l
ZXrw4WR8
o?xk5bva
ekJc9#oT
KjpZ%b0S
Ze6D}P4H
bnj6%ty3
o#1RWVBf
kyeRimfV
O?27Q8&P
y@$0@2LQ
bgD#QYXF
yYuPvXEh
d1X8RMT{
lkNo9JF0
ev}vwJWw
8puX#Zv8
Rcp&fhfj
AtK?RB2v
oPNwQhBD
zMf9}Fyn
xkuosWd4
QCsuJ@RZ
ChiWFU6U
zabIRBMw
HB4BS8WX
}Tppq7K5
#lrhZ!2r
edQ!}uQy
79gIZpJQ
c9zBFIJn
CeEko%51
HkYzQO5O
2jku9bF5
aj3Hi&Vi
9jbgXGn%
S%{16V{0
k?P2i}R8
DoLz01g{
iv24{9md
deWi@sDB
BQpy572?
DOpEEw!u
LcbJcBVC
223BS{M4
CqfRHerO
3Nw#9Y2p
H5&ix!CN
8QbWpXYF
Qp&NeY8!
821OMZH#
YRN31fv2
xJ&2yaCg
UUv#Ag6Q
2k7Eus#I
%mLt0kP#
kSBXGSnG
SeOLMEBS
w2Oizadw
HRiD{c$C
9tbOzQBU
K3v91Bng
j0CnT9gH
KBfYwCnu
0L%A&T1g
6gJb#LC?
Pw@%1$MH
}x011H#j
D$X1wjSj
g90dYMzH
0wAnmRK?
p@HDZb%U
U?}b!1O4
7fSU?y%4
qd{Dn5od
w2fu9PJb
0Y9kV8E6
a64Z&69d
tetBK$I%
sjSFkGnu
H{B3sQX9
PS5WngdT
}7qNh@ci
D7YKn{S8
whr!D4Kx
1UBwiAVQ
{qfpqy0z
9ikP0o78
wHc1wHdA
90luv!{S
vNX!K&%f
gX4h{gJx
v}&hlUbC
Bxxku8B&
73zTZ}U0
kVj{7AtY
6P3puo5U
Kmx53iZt
TFFfXJ@C
ogPtyBWQ
51Qg7S%}
JrjeiKyQ
LitpUW$c
xpCznpHT
NO4CBV9l
7VLlzUvf
LAzev2?Q
ky9vCRFF
FLb%xkPm
noDpDrZN
M5L2P3QH
mH@sYHi!
tVf@iUOg
8Yx9ZGhN
e$Gyz{25
WREUt6qY
OnQXI6u8
k?h8lWBo
VF0yZ}6o
jLkzKL{m
AoKoYk4s
Jupbcygh
kdTWz}F$
JnjoN45Z
dY93@919
PeRqruPh
CseF&y89
tmlf$srr
wUkF4oL4
tc8TvCHp
ytlgAm7J
ucoN}T!W
3lZHk5fX
!Wh21hSN
JLSyMJTN
ys68%Lmj
0Ew09EgO
ltfkCdQ5
rhd?TN6Y
uh#1!dbB
E$emjYc0
wnZ8L@d2
LdJRc3zj
YYfyD90n
&8VbxEkz
58ro}39j
nkIi&{e$
crrUJTEY
1U@AiYhS
gB0H$QT4
F6W{wg#Y
JH}M%Vob
k5U4FI&8
Wj@d1oww
ILzgY@?q
h3WDgrY#
d29viGmt
G&6&rIVV
hl3JGOmd
ztBg%}PW
6XNnBSV$
FJrva3Os
tYVshdiE
alakQ}GR
wlRpS2PA
YXvcihZp
SUuc62R6
WC8f8KiQ
xyvF8n&z
5pN4?R#2
{PPVWRkD
N@VT$Ix#
&g!JCTJt
}GfeQ}V2
V78o9R!t
Ms7ooJ9w
PDomrmK#
fMqGIxyE
AYke37D!
gd$#uocW
R45mnSv9
qjf2jDXS
}{{TAp8o
YXL7gfJa
Y$Fhplao
tV4AI3xu
zK3y7u8a
Sy!oxTy3
%9VIxeiq
shGQ1HXw
4uO2}Zt#
&AXiUMcA
L00$kYOE
oN%bUJSk
T5oTD32c
Wi}{&!KA
WCiDPiLp
KjGwfv16
sFk4xuvM
TTcEGGLM
q9rBc2Ha
%hGOQr4I
aH$I7xYI
$iJgceRO
yJt2HVyP
m5kvzmAh
Q4jOmaNi
AAUS9Vjo
ooJ!}ELG
&AXy{?&O
ZkqU9R3d
coT3Rj76
Chxe60kQ
$ccNn@v5
4i!nnKiv
3eQEiH4r
rZxaskla
!0Z3LJNW
fu0pnYPi
rciDhu5O
OZ8v?Qyf
Lffs7X#v
qRKX$obE
OXcKrv$f
#ZD?%37R
@}U20dvW
E?fGEIVK
cXp{GF8u
@YeGYNc{
Am4CoGDd
J2@tWdJ7
yWZSbpuv
HpW6w0W7
udZaV}b8
WJRu80Vi
kPg9blZf
7KwzTbdf
dwDt2I}!
ednuhkiV
CLJO&i9i
bmAO41Rn
j%F}q{L&
t3VfA1{m
YyQwE}d!
rl8abFw2
ZKkAzwK{
G%w75kYP
9owM18H@
0HcLWy9n
a4WYWDxL
?pLyz?B}
gJHDFil!
YOUYW@4R
K#3VzZXE
wFAH0snA
?b!LDwNm
dw6B4kBw
JXasNxAS
?sEbAiGG
LG6RZ29n
7YUGS!XW
?&6KOquO
2&5tZCR7
nyr$E%Rz
VVSrCmT2
SqJt4pXt
Cs0i}5Bb
m#S%3X7z
M34W4LUP
NUjJoo&g
NTKdPWt0
hq{shs22
A6oYM5U1
qrM5L8Ws
z@aNoZ{t
RjteQoxg
DnA?%xNS
LrXsIgFB
mtWqc}VF
fhsVr}Ar
P2Zb8Q$y
rVh}1hO?
OyDrO1!i
MqJRYVP0
F@s5F8ZI
&ytX?&yC
APFyRYQ6
71t1quhb
eCgFKtX5
#VnI7eDh
M@2KjzXV
jEyKKc&C
w6f$Zpg%
vNHZS4a#
KTRGvwH#
$xsXu@WP
zyNQ7wBF
raBd7AVE
cZSvbUfO
Jg5dGbJ5
ENmQUiuO
T%?hOL#f
D4bMRgA6
}@gf5Fvn
hGgV{8?b
2?l$5R81
S7WEQ1GE
4Lavij#3
IpN2jlnz
B85SPiwM
64}H11ak
PlIL6&Qm
hq1$}DhE
gNDo#70&
siKkMDUC
wHLhZPY4
wqk6xLN0
E}y1bd5E
XsuVjByW
kdMdyqfq
Qzonegjs
R&Bg5J6c
{sCofrPD
L3saLf2S
vN}VH#uT
N}R44WWv
}EatzXjG
CW#uM}Ne
57F?8S3N
bwC0W295
Mb?zLz#u
%!k}PQ3U
d0f@?K{T
lZv}rcVN
@zL8xf69
4Mq$5YJH
4FgI}9ow
&CQC6?tR
ftgr{arn
&PL%MMOk
aFZK7Quq
sVqpq@Vv
azOaCEMW
@}}rCo%D
1@0k9tCF
uc4YWL!1
ReWdtk0?
xE7uWt}H
RKBF{dxG
1QuLlCVI
0}3NRF&s
Ha}?QGZz
eUVFAV@?
58hA5CQ}
@3YeucwK
yVM5KNLO
oLfptWlG
I}g9qXuh
3n1E7c4y
5CppdtWK
Bo5hXTvP
UMPtzhmo
!UgVBcYY
}9xKPopf
GjICl0$n
@206KTm!
RDm08FE@
MpQwadby
p6Vopdut
605j{U{Q
D53Ls&A$
h5Ak0I{c
F0E%A@lZ
lw%HHWq@
IqEUnYJ3
AuWQP?fE
QPHYROgG
EFyIsqaz
00Q#DJ!H
VDtg1o6v
yTno%qmU
Nh0$sqKt
trRVZ6Q}
qJI}}nOJ
sizBauLx
xW9QHz5Q
Na3qw{NT
?&eg?i3j
p{wcv2Tz
H3Smktav
JbH%o!ZG
MM!QyBcp
}{7#K6D}
gsma@{ZX
Xm803#74
b2Ag}Lwv
IqQ?9Y2Y
ZTff3rHa
IQwWugT}
n3qxkn%T
0GqC?$L8
Oux0pJaO
02sBHC4i
W5W}zAGf
Hc7kIcKu
8VmT1Djg
dKM{&&1f
fsC#oFKt
%h4duGuQ
R3WMFF#h
O3Ok6mVd
tPX9r5io
d1D&7&YG
z68okHsE
!WN8H@TM
umZ!McfH
AQT%6rwZ
p?2qBXnA
UyGNrCQ6
LKmjz%N1
o{TrlWB{
a#my1V}T
8k9a9QGj
kJRfwM2A
66B5puA9
imA5sCuo
lIcj@elA
@DdYQnYQ
sct8$@3x
#fR@L9Wf
vUA8WjOb
cfwD9kmj
}Upz58tD
IhOOqPMZ
FYUX61PX
egtB&2&b
zo&AJ$u3
oIw$6Wr@
4KDv!HhU
NVC@9kFj
{fR659Ws
bpN$RLa7
M1WTk}Jx
CDglJ%Q6
&CP{WsUH
Pa%p6s4j
dfGl?Z#V
zwT4GSfM
GR&l7Q$Q
}39%gUIb
Q0xH6rQ8
!c02w9JR
4Z2mwbm{
i{DoMvKp
#{?s!%9j
dn9Dt?kd
UPG96Ip2
D31EqJ!X
jRU3x8wO
JdOyJ&YP
W8n2UT2$
$RBHFcU%
4FZk7o8p
u@h0v$3v
utAZNDb5
eeP1Dv&P
&i#6u22i
0&3SEXw$
HI6$0Fyd
OfG@qPBB
giyCL9hV
6BOCnfWP
kpcafpsh
gtT1ie#{
Y@qW0leA
cqDM!0gV
SZ&7S}vb
EWunlSme
#aoHs&Hg
KOID{7ZS
GLP5mLci
1N!O!e5!
SaX${vAW
5GdBBIS9
m1qubqGc
JiJZKmuh
Pw$IrT9k
i5HE5?QJ
2ocu#fKU
Gp1ptApm
5C&ORI5L
sOtOhRdI
xzy6C9r7
GqciJIM?
%Y#pUqUF
Z16nyc8m
xBe3EoGg
izH4N%Gy
}EM4P%8M
gteXU02m
R?Rz@5xx
kADf8qc7
M$S}xH61
Q{v}xo}r
XtP&?%%I
O825cY84
Jxt5eLHy
{tdrf%}5
&!My%}B9
DTXmP}?8
n9!H}S5N
7uEIINvz
2FUWde6@
M9{Gh1kU
#0qU5Mg#
sBW&5ksA
Pj0aWmdq
7y0$hUqg
K}eDFRx6
EQSQ0A4x
nLEIPuY5
&vKLs5y4
uOXVZE2h
}9x8Qaaw
VG6C771a
E?ORFYey
{RtUtIR!
%V1JF3Gd
G7%c%tRm
K8KPNSMx
W{dMeOWy
K1@}Tt8D
l@FXOoeo
lZdRtc1y
wppeeIxq
wTD$#sSV
m7HMWS6B
0%hE&Z5i
xC#K}I14
%nPw3LUV
?TKhAp?N
81b%MQsR
fs?You1H
jmXkwYEw
BZDurOw2
9e!DhRnH
}YhUTUc3
r&C7A7!d
2N}}u?K7
&D@neXYF
PihpZq&z
x791D3R1
ccXTj2#&
P4mwgir2
zZRpophl
2Zk}5xZ$
Gw0M{@NF
{}3gEmP$
wQIWZJ}d
tJX}6gy!
T3gTM5jH
NwtTbBw2
TRDTXRPg
}ZK9wPja
5p0UTlxt
3HLLtmHq
e}fKKI$X
OpI@?#12
N$pk}VfO
W&43Zezl
IFZPsI5P
7lSiHvFb
or4uR?LQ
$JsYriT5
OdsaT2{p
Ft7#jw9v
?kD0AaAF
WxlWxf&9
h@KqIFBM
KWPRV#}K
{pOhCMg9
hS97}mf6
vCN3AGRq
Zo1k0XAk
}MEZG$}m
oqLPhARx
OGSMYOaa
WYdNq{tt
oJlUVf%#
B3Y0ADDK
gL5DSAnr
U@l8HWax
Y98lHKfm
FckEP&A#
koE}EAFB
YgPNIJdS
u@ph2NTd
D2n{yl}6
&@C}itx{
lz1sPS$&
bhQ8p0}4
BD8N&y%M
aMlmAmGY
83V!SYXs
c4QgRSTj
?nFcIREt
VQ$NW8eJ
wcvAIez3
TBw$F0L9
q@ayA$?&
YNVHx#LU
2rpiA1BE
nE6DoI05
CI@x4dxh
r9}Ob!9u
6B#!vZM2
aRuU@X?x
4lNNFelp
AqKg%nxd
m0gyDbjC
FxRNsQk}
tbH2yGRD
O2U0g#lh
w6E!XZ!h
c88ERDDh
tqU}ofuL
%&Zx3B}w
dRisVV3Y
?9MhpuSJ
a{IbF0YB
olTm&jB8
zExEBIV$
hFAc65l5
&xNJ77HH
jT4ozYpp
54Miy8kp
PKlzBQWk
ULpbmTZW
ZdSZPP#Q
i&1Blf%y
K60pX0cZ
7f?@3o{1
0hdbLkYU
d3KJE?$J
%i!yDit}
I{yMMQQH
ClZn@{7n
6Qkt}uYb
WmolLyY6
g2p0IO}H
FpX%O3JD
ekVVC04G
h2Ad@x3e
tnNC?E&h
zT5d6@EN
X0B0&z53
ri5t0WdM
BBu6%BrQ
XiWnCB#s
a83E7su$
OH&ixN86
g4yVI5at
Gz3#wBjl
L6L@9QME
20AV0GbW
RF9lA@UG
Q9RBo51l
y1LrSnPT
I?3yjn@7
{3RhMQ}!
paeNtA$d
{}37swTf
LFmc56pf
7nTxCHXF
tI}HvjR7
kVle7jM{
zvFg$po1
3J1V4s?q
%lBDeRAe
tnwjT1l4
sMhO@96N
?m5Vx$XQ
Ax@yo%Xy
Yub%C&hE
B9hyYa}&
TVCVXWOI
6lSi1YEn
7dzmJ!{l
Nk3$pVD9
fg38geGP
Xp#uH685
FPPqeF0R
w0zyqC3f
}K2S%GC&
!3dAkwuj
scGzm7Jy
?5R&8q$k
59GqsDcJ
DU#CBH7m
E7wPIttE
qdC6B8z{
!$Dyvq7u
dy}UVCz?
l!Rzq@Q}
D@BYlink
Zex%l4Yr
gl%jyToX
1906o!S6
pw?0JTHF
2@P1#6oy
Oyb}jgUR
FryB4ksC
Od6wWRnJ
tafAffE%
CTN#CIKm
oV3ybmA3
im6k{9sk
xlODPQM%
VGj5j!zb
1OBuF$LY
IJg92o2M
pY1?zX{W
GegEs#bz
JT}8qozP
mlcRKMa9
c8rT{iQ4
!WTf1N{G
}p3#jKEA
ENz$M4uN
pGX77VcO
L1ZeLzm}
17hg$E3F
1w!S7yrq
mQGPZwgC
RROchgw8
Q9Yob4El
6aTUmroh
P75q5Gdy
}L$Ztpgc
tkg28Uhu
$jU?kSsa
3%$%J$t#
u3$Nzzg5
N%140x%U
tQg6RcxU
y8a2Wjry
J}KOGxik
7jIs1fgE
N1ff3E@H
h}zAhiK3
K?l7BEnj
fwVTYA$E
?xg&GkZe
@4rfq&cz
EgM1C5bx
XfyMa7?i
la8npWM{
8#GX%FE3
V$yuQE%c
ciuxc7o?
TF&vd&xi
Y732QdUr
ElOB9se&
3Cl@mSeo
UzB}ZZNC
89UKMWD#
#95d{Ym4
ZaVoUNRz
Tq!7c349
8lallC5b
g%qw40Pb
LgLjLJyl
QS0sjTdX
&A3D@KM7
3VG2$8c%
}VO1e6L2
e6@u}5PY
}GAzeE}s
OP&V8WyZ
35xGP@qH
Gsck!0y4
nH4I$LP4
COsX9EXn
ta7Fd?mN
Gmj?8?a8
gxaP@7Pn
$UdJ?U3}
?CQJ7KM7
qZ!wDvEX
fSs8EuSo
l@NRbe31
?!mo#sEu
L1g3uY!z
xjsMFls&
aFFcHfO{
6BW$%8pR
jbtIlKhf
GzBkKHnl
8dguIIMZ
0wF7Qudn
s##n5{9p
TqCn6%I#
mWObGCWa
v2Mm2a{A
j52miGQ9
&lkscS69
C!@h7q#v
1v9C{1lN
n&rV8k}E
X8HgYMlo
WYYi%lUe
#LT0u3vZ
7LBbYJ7c
zdemeh9g
WPdQp7Ra
$HnSN9gf
J157@Q4h
$DYYcrd$
?r@ReMiZ
58#MSgGy
6Lb&pKkV
XS%IVOlp
7m{Yt$uE
U5@I#t1s
RDCqdGJ6
@6E9MWC}
8K0HS16@
s!0Xh%Uw
UFb4KJ5n
Eozb5Lu8
1D2bGEK3
33BxslFb
t?K15GHk
EDW5Z&o%
hQ%OcCDB
Pe%wHDAw
USO7Zob1
dRLMYLU6
ciWhKVEW
b9aNxL#n
QYr!4ZVH
WcwwnDeI
qYvxYKw9
MLdoEfJ}
dW4dho4q
O0cEc#Wl
zNE&xerF
yI%f3RAi
$gCn9r0?
wvJWd1NI
Oo2QPMP}
vjc%kPMx
NBJJL#hU
HkrLllfO
{r&oWZHo
wi!PpVnr
4VzaHA6O
qY!9%XfZ
kNEs1hhL
aWLgUuW&
W%yVUb0C
n2dVQbCp
N2Nx4bSj
2SDY?iGe
iZBkJG$@
cFurd1fa
?O3iuNUc
yJ}5qEqv
uD4NnEHR
?xTI#zHg
PPIBy&PO
6@5mu&GN
W!2qSzDd
AZ@OP8SS
rZ7#NO@4
}}?@yc8M
q4BX@sax
TCW@EBWJ
w4vLF22?
IDCHzPR9
}cQwQ?Ya
VVJ!%VsX
&%pxYrn3
J#WcAc3R
ioBjx#Gh
S1gkXQ$3
@G9Wt3Yg
0WbzWRd@
h5QXq!SQ
s9eVpJPb
RdV{shtS
mR}5rfY3
CZ8HrPk&
I8iSF{z{
O0tKR7xv
2ZVEgSXb
?u#$Nc8M
4D2gZ3Gb
b#6wrwWM
sb{Foj25
xPC{0v{B
G3U}9p$w
Ba#$wZgl
YTXtbv#A
fTg5dK{6
BQbxHRR?
EH1s$BbT
FCQUd{bK
FyE0x7s9
8hTb8QCK
uO{ONszR
M$U79#&3
VSTP$$@@
1dw#rwRR
Xl783U?$
yOmmH6Ka
hcI&F2I5
VQJN1zDQ
!uZn3&?s
rFGs0w&V
g#rXFfS$
Go0RkHJQ
vnqr#Wti
7Qh4{}Op
zIAeGI6P
8FX?UZS0
ZQVDwbJf
sfbQsl}m
F2CarA0L
ED%09BTp
27W6cUjA
s$CgC4%0
CP%v6}5s
RVIMf3YH
qrxDsTu}
juTPXwxi
ZfXiItAu
vR09IQi8
3sdMslqG
&EUMmmte
ukeo7&3O
tn?ty0KR
KdJbb$xz
TNEUMNRy
4LZgwke7
uLnYaskV
awNOrP3B
k2z9mn{L
ROURUBed
KiuA3r1m
2t643nv&
P&&HDA7E
pYgr4hX0
SLK4dKBq
GfoUui@u
QLG&#5Dz
vMmz#kcW
}SFRDDgf
5WiKa{Pd
iIq!zD3o
vNlW{5Vj
JliA%FwI
?w5&sJES
yJDzS@4H
vIvzdM7V
PY7j{VuU
Jb%#ZbGj
1L}p{OhL
mcK2D%rG
HGi7ag35
{714tIc{
A3@KPKtM
GkDu9XSQ
yUe0ejW3
FZt&DVcK
Qexo!1y4
$78hZafh
82r&D9KP
!?3dvHdf
ldO76#Vz
4Mb4!h!J
iJHc?xRN
ATqDjhvG
0Bvo4DDF
ZPBadDMA
GpLdoz2o
$%PVMH6j
kh?6eDi1
ZDfDTy&g
z4Rzsgql
hcCskkS#
GRDZNsCB
TdJEe%oL
wHl}YM{&
tvNo5GQU
!r5J7e}3
9$xDQkos
pg7nsIgD
fOs2W%9W
x64gUXkr
4VVTiRAA
B!MH8B{u
uGZEumX2
z26vyI@w
dI2q?8v!
wucJY2AB
h}BkMn$&
zdkeUbGm
N4XlTsq&
nha9sE#4
kr%CBuNW
jKZ3nTUd
B5kCUoQ9
}broK?OY
7LdCgaL#
X31dMLeD
RHKOgnuz
V49gzHj}
7pEZEkGo
C2oe!Pvz
wDG3IQvy
9QTs7Y#%
hjQkbHob
yWV6ZPQl
DVN1@9Hj
owyKy?0P
Z!mQN}cr
TtaWuW#5
jqV$r?fp
&{Ji2Ul%
qy!kTvYO
x&iLWDmo
Of&NW!o%
Tj3T2yq8
?ncYx?og
7bZ8Itnz
K6yNs9ZA
q1xohbmz
DEv4aZF0
?KT2ipM4
K7?kSh3x
z2dhf}rD
5b7G5IO!
jq1N4EzZ
A5RPgTsH
T&l1}#NM
UizLm%%7
QYTHGlkJ
&!5}}R0h
BjjwO&1n
cz5FDOQh
1%#Xib2k
3T59QCh1
qkXnaAin
!aMON}8A
XkCQ5MYF
NKBBX#EN
QlPnPNaq
Q8NgqpkB
fyf5%ff&
Qd%riEPo
@1o{?7dG
%T339dEG
?rG$H4cI
}&PRkGGm
oApnYS6y
nSy7sq#@
}9djifcq
jZ0riU3C
MPnahXJD
HtGv1aC3
BPg6e{ur
{U4fa@LS
el6rk5g0
EZ#XU?CA
?V0ht%I1
xi%1SFFS
t8g3OgcC
tEj?JprS
6Kr?{YX@
sKp2neLI
5{?#nu%}
@{k3@Krs
Voc#c@!S
k@&Q9}JI
AP3WU$W#
QR&Q2m#d
LMy6suQ?
H%{s08uN
x@H6aq41
f3Jr56nl
mnOrX6I7
8ACnRq@M
D3EI6Df9
iU866C2v
jJz1BkWr
NzNGmBm3
v?P!}ku9
}O%ZKBGh
Itl!{16F
KboJap2r
2P1fBH?4
A?4ynLMi
aeVz!zbK
DULz0AE7
J$#ASSyn
PDgm7$tG
rAF}RRhY
pl3Gz}HY
IR09xIeo
ObD5se%w
6nyxTm%Y
J0uEz4FP
SkUbvyPx
3V}FpK}E
tyIC5C!N
VG%M1bf4
5FBfNd5j
2Ky!mflc
RJMxrq93
aLuKGG7Z
93Ajude$
toP5nhT%
uUuBvArJ
$VOJ4kOV
7}0SzDdZ
rTs7cHmv
HUWVBPWG
Xoo#moWN
kXTarny6
?$u9d$dV
IeyQLlU1
HfSp%hEw
9EPvMrTQ
QAiUjUjS
MM}wRpL1
Wa6{83Fs
K8soAw53
5jxT}k$R
gcdJgRKS
y2gkMxNM
Sca$8&!X
HWxN?7Uo
$?#9}gGV
oAgjKsrU
hJT5s!0Q
U!4JU9xS
CSS4wefb
UV!@Yzzi
eqqg4Gjl
7t?YR}bu
uuMe#xmI
!2UL7#pG
wmJql%yZ
kT3{K9UU
cQ5x0Ar}
4k%mugfJ
pm$RGUu?
?qBUKUVM
6!!i!qtt
lN0XF8$M
{D9n2JS3
XvHpFe7G
bB}ZEgO%
#mKU$BH}
w8k%BFRS
unppcX{?
}@LDKDx9
Ttttr$x4
hdRdDM1Q
2Th06?nP
CmtWMbG}
7Br0xHl6
#HHs7i6J
&Jp0SFq{
873$V3bD
10ovHkr5
4$@3E4?G
IphJ65!&
oxEsn1!T
7GB#54SP
7fx&U9UE
uK}s&ZhA
02DjZ9RO
&psU@Hu#
cKpR&FjQ
vlqAMpN1
Sv2wADL?
5TZ1rVdh
DuSiWQsT
xm@!uY%Z
{MK2PUyV
d2nCcyy5
LfOn$anG
IhCU46Wz
!X2k?PGq
D@qg%jxB
$crK92K%
r%t&{ef%
CUr%fmDT
PXmHwLrS
77CR4f1#
lX?#I$6r
fMpxYk0R
Xgo{qF!e
0i18TgiY
QevYTnsY
eQp21}vP
!1pPSZTn
4DJ!3R5!
ud$A&BNp
f$sv7XmL
O9V4EW7A
SwzREO@N
BI?ED?rK
vgmNRVZm
5WB3e6w3
e#E!K?on
v&F0m629
?uuq5MOh
HWV8mMzG
6C7wQ6EW
ctGO$tb{
6nil{Euu
uO9$pg}N
78X1@@R%
A}#meoX8
Q4I&0t6v
ho3WaFyV
RdogSf3i
AZ8W@RVo
W}oPUR61
6OcvsBy@
o5$N?S5{
vxIvt%Pq
OdGgxcDE
Va%4pPig
XmYB56}p
eu6@9GkE
1Y?{9CqZ
UmSH&pbh
5xrxiREB
iPI8ZX3W
x7F?XpGn
qFRl{vwa
bLNNgiip
U9u2pvH2
u6eo&mfY
ixkioNM6
gTNyVLT0
C&ipsz#%
ca8kOh?O
0t!?wDJB
{MDNSG5S
afMZudr#
9Hqkww2h
zmLbIWW$
jIeW7A8K
f95cx25V
%Nqre54t
bR9Mm7TF
wLZg$Q7y
rnJ7gECa
5tK#boAX
urAqr7Mq
aLAiGi!g
yKFCIEF9
7$zrp@Xn
m%qcu!0m
l65UX7tk
Fnr8@jCm
r1GdY4Ew
42Po2}#e
k&0TqmO7
k!lGv70s
hk!AmOqi
XtpDWImN
W?nU7v0X
DA3HmW!n
x%A{ZYNt
zaBq0FLy
$1#obAU$
sl{dXVLV
fEToUC!R
lSN#6@0G
m&Vb?QT!
}46H#X4h
pUi9HnxD
8!p?3V65
9uXSe#id
$!gJBZqM
5sWUzX7L
6dVu4f{#
eck8q%lb
xEJBZWJX
9bfGobx!
q{ay95fj
mh{zDC&0
s9jF0HXl
gtb19}59
9HZIcmA1
2RvlhIBk
r&JYWy#6
nm$#K@sD
k#ETPNSn
#PynaP$p
D0IqEcX?
tO32XOgV
APvwq5Nc
Y%oTMaZo
HkL}ZIkP
HFpnMAHS
pdDNwIHn
LeAKv&yf
WP&{71j@
&zsHPo{2
8mQZOAab
8l17SpLi
M4#}!$%r
nb}cgH3X
mZB{Z!b&
W6Nvy!RN
uEviURI9
Z%HtipjK
f5aBv?&k
121h3HOZ
?T32LSO0
DTRurA0#
mhYdC}Gh
KnFTK?Wo
GNcdNHtu
d%nTCnc1
ynM{drb9
xS2N#6?5
Qe?xK9lQ
ApLGYF8m
d@zrPKvh
Lount$de
$cP#emh&
M5R6PN03
te13MWx4
6sTHxj@T
xf%VwbdX
bbLwLqJz
YfdpJ92f
s}Tgd{sG
l33YEgEV
Cu%FiQCb
7UE2sJaX
nOFyn}C0
zO8MiCO$
R$Zq%k4Q
DvP4QOfm
%ybD4d8g
k!p9uURX
kTqogqLW
z7C#}Lp5
z?Rh9djq
5l0@xnnT
NbE9qqX2
4Xlc@LWo
!6dSwYJb
7!ft9USX
AE#E8Hqy
QQt3e0?6
3cU3zMvT
!pkbjPGy
Ky{o8S!h
b96$XQ5m
rviFuXTU
o{rEQPgx
Q8xyVEQX
jKcN}1XG
tgI9jQ{w
XW7XBdL1
B}{o1xTA
Y8B8@zX@
6qsezF&?
j}vJ%sK&
Kn9QfhME
A6L8YzwX
ycVzn#9z
3U7UhIlj
owzE}FwY
HJs9@E%C
RI6jSRdG
BClK5DCR
Z%F{K$2f
DQ2YqR6h
h1?eSg%w
f0za8RB}
SYKIpE!c
TuS00Oso
P5%1zOHG
m%gvqfub
lVD4zv{2
ZvsgqGxt
4oWdM2f@
%Jwvemn&
Q5VeOuQd
5mphAEa2
}#AduNKs
8JUHmg&S
wdt6IuF8
AfBl}pTh
CFD7sejF
C5be7x4y
lnIMy0Dj
scVJ{pYX
ncCl4wPC
%BwxeoaK
8E68kMAi
$m9K5wkn
q&eb%Mg5
KP$X3YfE
#!4Lx!JZ
VnZtp%Dr
fEmxSS%N
faASOo%$
CYw&U7fD
$S%%!juz
7u1k8aW%
DM70iLQa
O7kKhLjw
uD@mDgrC
z&jG31$@
3%6OvUvJ
{QBYUzM4
b}9n5cuy
6yDWKtLK
?ZyPZQog
NS}YbUjp
2QDhf3IP
UndXu}WO
bTc8imS?
CkrPRcf#
0oKldEmR
e2WLh6QA
&T?RSiEn
dbZrid5S
PBi8H}5a
UJORVtqf
c&9u?d@G
M0WGfow!
{#ME{HcO
lPvHLd6F
i?S!zU4W
Jgfn&w3z
o1cIf}Sc
U9%rFo2M
HOw4nnXG
wT6QXVsx
bT7%QxgH
WE}@lLhj
MztlBc7j
OZH6?kAU
Eozz$GpX
DHW!HDfk
cVcHOka}
ES4CPv!R
gG48fnQ}
p&Lv6gQh
&FtR#t4w
0HYecdLH
cFy!#gyK
nJwzv&fj
G?zGG2DU
{GhG}F{c
$bzTMtWq
tNcySt{}
qGwNkDvx
QGQ&6b{{
1lg}NEPX
RXKD88X3
C2LwULYP
k$QSStHY
ACdYAXAH
hw7Nc9vx
!6Q5}#!L
LjJdVYVl
02nyXBWy
O4F4onwp
@Uo$Lmxa
Bc6I4Zuz
typX?oB?
4zMUic?v
7hNYZSLn
1H6DlQ93
rP0QS6PR
3WK6zGOy
&2!H70eZ
7skGS$ca
PZnSosU7
6B@?2#Fg
vmD0d4NI
QO$jwYo9
qAIIGPAJ
%biYd@5e
k!Z$btVb
@y%hXHSp
FwDohM6C
PAZNYMbo
UE7yHG?X
8XrW85of
CxncjbSr
M7h8o{pt
@NfFdiMJ
$N2o!c}g
Gu28jPLI
EnhPKs@p
U4UD#}sC
kKDJY&8I
yHKdw?7T
KHcfEP{s
aJdBjtpw
6Db6BvMC
7Jsxqa#A
u82VSC}3
A?R}lDpj
JIydemIo
e3FobJ1D
CrtP2oOD
7!hg#v6K
UOlKMVY@
M}}oGZ$5
&fHnVKy}
%5BQyvTx
9nz6Y&Be
}!2{$2YQ
${cO!jEn
ry2QkDXD
Umwf@Vn{
4g!SrXRb
k@0Ukp9@
YT3xxw?Q
CNp9CA}7
YzssatWb
6G?bZ#ym
$JF6AVuP
unhWc$wz
#FUmMh}E
#WHNso8e
M0BGK@CO
PT#uhC9F
PUaptZ@u
jLaSP{!J
PRULjR&n
b3IH{HJc
kJqBxMmY
Xn1QOcEK
ULI2#4{5
f4&2YYAh
a@HDt{nP
OLMNd0Z0
AhRzHFj5
4AU6O3n1
vpbqJx{K
ZR18IRuG
rq1hA7&@
8zgJCW#N
}Nx}kktR
hyb5pk%V
S!Pa&ub$
JKVUww&$
MkMr4qBl
7EVsPXlA
jhhfZ0{e
tU}Y$HN4
lad{$Nt}
FK4wXvHj
LR68F1%l
oV%Lb9}x
iR#eMeU8
V3kg2wUv
8y@re3$m
4!Di!n#{
QIkwA?hu
hRk?K4HJ
!xo%KFn{
YzTBqB6$
eKcN2KK#
x3c!5ARN
X54D8HOi
xZMzaGCL
XaZQcUZu
maD!RYQs
}Wsqz?@T
Ui#s87I9
q95MDq7G
VZQ8wiE0
rzR!HRm{
F0W1F?%?
MJ&hpV0e
SBImK2j3
POP7cShJ
Ia%nf$MF
ulegQ2@U
aN#tPuIQ
7f0g%ETg
xH71Jm6i
RDx6gY#p
qDB{9iob
@rrQii7J
mbYvk#55
D6MxLCjz
46SH0SSV
3H9L3B}3
9kw?CL5!
sOmfy%@S
3MbisYc$
?EPwj{Os
tx&sJKMQ
1c&rXNX4
$I&kNiKR
8cyprdJU
mHI{%jjX
5IgRbF@v
xHPY63$x
QGb2iR@6
AJIZ}yQo
M{O14gB6
q%5aka}$
%1shxd52
Mp6mG3ZM
&xlFBtWA
Z9Ry7}@X
ygBcnD%6
4kUcMMQc
1oYyl5m$
8HYY$q@g
HwdY0IH1
Wq59NK3R
r3GdkxhF
aJT$tCD!
R7!!VTvl
aSGtJFzj
gPM1bz!P
5&Y?HfNZ
?7vG&AvA
MF&UT#ZT
isOgnB5%
L7S8@}$$
iVqlRnHz
CxQ%UNX4
g@cb0t%j
KoSlzdQb
9ihobFPf
it5d%Aai
E0l!5Sn6
Ip8?!OM%
EG7p{CkG
T1M9QkvP
AFiq%}wz
B$Z#z&3t
17AuLh5b
!@yv0tmm
JzDGKmk$
cjmlxt6v
Ogb5mokD
oFH}v!3d
3lxIHFAH
pSsZLn3U
&2QAjpfK
8iejLkBr
uXX$OKee
%ZPGV2M8
kyB15l{W
JsbVkkU2
P%d7auYb
NI$srMh2
auCNpsC9
xfmx%Qv#
HkRGnG6b
Vg&RwXzM
u{bwBThR
YCXbTIi@
1S?vaPne
hL{dtdpH
iC3qNjNn
BXhDctad
O&scs#24
hm$rg$5z
}XDvRPON
zHH6D3b5
WwS1lgej
0uNwHlB#
lVrx6ZIU
tHLkF&Sm
}0OR3fTC
IOwunvLE
LPf?gqbG
B0fbay4W
heLni?Cn
7Eg8VyQc
MCW#wFJ6
rbHbI@Zp
jtZ#!w7I
0c8pLUeU
c%C8Sa}f
N3m&bPO%
Uc90BrR2
ZIkF9Ni6
#dVm80Z3
bCcXVrly
25!$97{R
eGGOi3tR
Rf7771yF
42nVDCzW
{2fBL6?g
ADNM%OO$
2}4!aYf9
F0XP3Aqr
xZaQABqt
vFY1s7Zl
b94YyFJL
CrY9Cr?q
}8&C8aeA
o&@4knXf
bAEQe%74
53!CAlNM
yNA3O}nU
IApGaB9H
i&@8pjc}
DQjv6bte
{?Wu9}WG
862%yhCT
dlFiSqr7
kAM%Cxih
c4TrUQ?%
0oczaPlu
N@?tRwuW
gCFxARKJ
514MCO6L
dDW#vrNa
Xpz%}lU7
47EBlBtQ
5lL&6Wwc
tSP#unV%
0WDPsBRv
W5$1n?DE
B2Cf!Xs4
vk}Y4J&!
BT0TfuoM
hSWJEnIQ
2Q8TSyOn
hR$14D%l
zF&f8Ebh
8lWPQFE$
h}9Tf2jZ
C&rDAl$n
B3T2wcPN
MUpbC#Ev
G8H#sUEg
1nu9FmzH
0xmuW%B%
HUaWzedw
{iDBGXa!
XP2z1jpb
Ump9MSNU
Bg%GFW6&
f}u?}Uex
0BzbBxK7
HfZbL}FD
2Vd1D3SF
QVR9e1wO
qpvs#FYr
4}gTB%NH
AS}K10LH
$5vBaBJ@
Bvj5TuSL
E}cBGyL8
y7{C4}h7
aa1ff}zF
PNEaY0LI
9QUqT8he
RkVMm!fG
IKWcnqoh
B86GKpCu
5k5BFFg1
NblQdx9L
bag9Xn5p
2$PCdD9R
lgGBW5lj
enKXAa4L
G2E}Qx5U
Wi@}Gcwk
PM}yCCoa
@JBmtRl}
W@OHsH56
eo8ad6&2
%amBm#2N
jL25d9zY
gWxGXA8r
6uXb3w1e
I!dRQzf@
ad&Er3Kv
AmjJnyzb
$U5c&RD%
70mApWx{
fwwTt2!u
&TrJEshw
XUhNoKql
vX}&&Brk
bgV{x{mD
t@#weM#s
veLXgKw1
RW9t0bwX
73TgqMHH
$p6B#d!o
vFum@Cz$
6hFX}X2P
?GIM$i7y
jh%h46NG
IuPh!ick
4nayTZV4
qNW80QF@
s$3V6aI8
DpZpIyl8
}ere{pQw
lvGXnvta
tIE$J5&D
swVWtugA
GOh0%$r7
y0IWf52M
XatSCte2
KS{%fhZU
Uu@wcA99
CryAlmfn
l4CMGaR5
I4#L}rf4
ivgK8j&i
rk6si5$9
vR1Q!Sg&
J?woFTIB
PwRRFM4{
eYP23yXf
R$qhAAfs
b5a2xHcs
APT&C&9n
n5USujYV
yl$A#a98
$Fhft5C8
jREL9I6b
LJ#Ysn%1
XYseWn3U
oHZmHk&5
Koo13x1D
1!U6ZUKn
F5RE}RlW
0kYNtt}a
1CuT!{We
iGOf9xDr
oGXaAPL3
mTaYEtd@
4VE&lesD
#5%n?ENm
4Udjofhy
YiEQQekT
vJsWFkb&
{l%Jc?dW
%88D8ccy
cbva$r$h
!?HTEQFx
pdGE2Z1E
xivBIMOJ
DPiopC5s
WZX}dldT
v8Q?d4z#
TQPrV&WP
%KHSHdO!
QsxS2ITv
P4flZ$Tm
sia3?wVQ
x9Ff40g!
IjaKnLMl
vc#T4gik
}aeLeL{v
7iK3}S$9
qWLMQmHs
@%CKw0HJ
wK&2NNqo
TxDbclrd
I!5O%REC
L8U4O6a1
G56VpAMG
aYbXneMA
gAQRHGDS
xLOu?Wm}
qbyQC32g
NeWZYnbN
u$}DpOA0
25N0sxKz
&OI1r32V
JqeEd0Xn
tM$Ym1Qx
xI5%lN#T
0MFTVp&J
VCh%QqQv
TnZfw8fS
b&b9%vAW
Dw?pYkOt
sBMXvuDt
JV}dnJH9
aEYCEz?C
RxCBxoNC
}$tYzq?4
B}@QF2pn
M%B1&zwu
e5YI8wgk
ZwrPfwcd
P%VVa7YF
O{fuHitY
QiyTHsry
FOOXluHI
nxDvw&HX
50xUX4uR
7QeMrs$V
wHnD9tq!
cLf{W?4D
w$M{dwUa
85Zn%ZNx
NZDhRQfX
LUU!rlic
zzsw!ERp
U7higv!Q
kPHKvc?}
GOPB@vfK
kpiKy}up
w6HEjA3p
oxVcNC#3
MgbGUFWR
vy6b@jt5
9r05Y}vJ
XpXA38XI
FWHWg{7O
?78I8AoF
Xg3N1!hz
U25XiBNT
j%mtIn!H
pX7t&Hy0
y6p{jDvc
C6YQyd{G
GvZxT4e0
rQzpC3Nq
el4qc5SM
FJ}JpyZ4
{?B$2}!0
7kL{s@bo
!zI8o4YJ
knXWNEXp
1tWR@I39
dMI0}sI}
EmoyT3h!
caHqK0jQ
J3LUQ#$U
ScJ@{E4g
?RFwvm00
c?bnMHSQ
O}TiWhK1
gzINSPI2
{E38@5t!
kTgQ!fWv
alK3Gucq
sC!p#4l0
%yYSp2ER
!qF8aywR
LKYhqwPB
ts3dAYoZ
ORemTJ2A
KYB}2kb@
jTxNfsUH
!uNV?iDN
dPFt{3ov
D1mtI?1X
OMZWhZEQ
xRl!A8#4
EUc{rO5g
tf1GNd5g
Eno{Co@D
gvOSuYZh
aACX$jQt
oFsv&Axu
#8fBh3l}
NHT{3?ik
oEfJ1jm6
MA9uLQXY
CdrQlnpN
7rh%72U{
VSGCwevu
}Bt!4M8n
f&{TrCFK
m09NvCrm
%s0lpmlU
Jw426DvW
}2$Ln}K2
JzFmtwfc
KwWVEP9C
b#{vxH#I
LKXw!e}A
YTCyRNR}
d$kxf?qc
n&T7#0GU
iITbhPnB
mvdtb36d
vayp6Q&M
V{9FuypZ
cKeKFPt8
hqEgG6Xe
%?@Djl7%
aG&Y&%FV
kI&%cQRj
mFzGja{$
#CLj$FK#
YxPNrWrB
BG8DhLc2
DodLa2$0
bH$F86Kb
6!5ZU&Kf
53NUF#&}
Sy}4ogK{
7dyzvd#f
CjnPutjB
OvwzoASI
LIHlbL1!
8!!Sd6?F
C8YlEuVx
RebDWa8C
Ff0MGv@7
8ygq555O
gyXS?a1}
HalL%@0h
lWv{GaN0
&oEKJ9&i
9IsF79Qu
{L&nmkX?
BFSAHVgm
&zPKg34w
9FQr0jbQ
1n19{Obt
yZM8mgmR
DqfMQX54
Ne@x2PxI
%S9n9K49
yHrFA2SI
7$82QDXK
$ayXWkRK
knXbzu7o
MsUfJORN
HPUVe&Vs
UoryKKy2
EJ&@WX91
t}ht8MM1
6Rr%}oL!
hja94K9P
onxGH3YE
wl!cDhzV
I8}W1Maj
7JGNl5{v
O!IzxCZC
!DA1nb&r
{@OzqzeW
0nKf6GX7
ILd@btuf
U4@1B8r!
kCB2D$Zm
oYLZu$DT
RNyM45mL
pADWwwDe
BMXYpkG9
nuLS2Smn
keeCeX9r
Io&fgass
f@o{hhfX
UMuWtumE
UArxl5OK
qyPA$vra
{$FlYkq!
#v%9ym8Q
a&y?M9Wb
0}YLe9LP
R3e1jCc5
pYm%BN5A
8g9X1oNC
{vbMMkWn
0ROuRbr7
7YAwd6In
tR{iqM3H
n%G!XcpE
D%L$?nXY
lbFk#w&s
FfPmcR!Y
$JU}Vofl
{VLS$bui
%J}$21u6
Bg6{b{9t
qubxySOC
RVCB}6Ab
ur4m&@@o
51#Tu1%q
1#XABRuo
dHob8ZI%
igDV&$%E
QqkHUA5&
8b#gYjE9
LLMuzhAw
ii?{?&CP
O{RFxzDm
o{RlLoHm
&O&m&mq&
XU5qp5XD
zb#G$Ds1
jffj09V0
PlJK!H13
4uEak1zg
WWPGZ4G%
gcHMH%pK
NIYwCFS}
IKm8PPMe
ppP1VnKM
5t{4Ou7m
6ASxi$7W
&jbq5Oip
Ycu2ik?A
cnWX0IBh
rq8l!CYk
IgUT%Wsd
zLBC5fL6
CFNSobF%
hMfYx?3u
g{0N{O{1
1!0ZDM6c
X!s0ouG&
p@do9MvX
ap!Zb?yZ
sFdcO!U1
ephq%YBR
Bqqq}phU
$$7!9XHX
fVWGbkZ#
AQuQ4YXR
HVn6%vzn
ZPW3V0}I
?nmDfCSi
OmJs9t%J
R!Mg}CA1
I{{sjWSi
8TKY4Z@j
5oQ24DnC
GEcCd5@s
pPDeuY84
JDcWXos0
kvL?fug}
CGhmp%fS
xvEDRo9V
aLKALzpn
TwX}BdPn
1FY6%CW8
J!r36ECI
Hvgaev&C
2pxwrJts
?1u1F}6@
6DxxSGMa
73$ZYV1b
m2fsh#hL
3YStKch0
751yQ8vo
82ZesLHO
pe5gbb#l
#Hd!y87A
0fI9l@nd
3y4}7j!I
kEhJTir9
o0R{S6gw
rZ09626D
&Ytt44u#
4YhwCLlL
02k0wu3r
3dvHJ!&i
q%FOZV9D
@ejAP$z$
NGrQ&anz
{?Rp&pKm
q@6ISUYN
kZi3zmI&
{3V3ZY4v
y3ism6YD
}xZWz#K0
G3pz@CuT
EsUMHquh
zmyrIXF5
QTx5DrGH
CQlRRl9E
uin6dH3w
oQV5kBI}
Mb92D?sM
H$HHv&lS
C9B#9Hd?
0l91vf1a
f7aZ1e#a
!%L6k@eP
TRlwBNB{
fC!yMaZ0
BgW%jvCB
xxc0ezEp
H86s!p1m
9MEp{C7b
Qgh5NXHi
gv?Jk6hg
9#roIkFB
A?HVIQE1
SFo#HU87
xYDKvHMg
l&HDOWuA
Ac?jghUp
3kcSmdry
VPCtPD}7
kb0Z&1fU
VFofEGOw
sCu@kV}C
VbMi89tK
A%8zOQvT
p@{t!o2L
Uk@shhVj
Ns@lhtvI
F&mad8Wb
Rb3!4%sN
F$7ud&07
lLviSt9Z
ut3%svvb
G5Bu{2TO
MawrXm1l
#ndlRnZ{
zdn36}6X
Dl!FL18a
XuG5ae9R
vI&UL}4i
T7EG#Z4D
uf%$wPNR
a}54Lcza
6nVlTBGF
}5LNGGO6
NfyW8&We
EC#8cUQP
P!SJssd6
JZtr1NrQ
114d153}
72w%F459
17EtiqFU
8x4x2n!a
5?jA54xv
ZC9bM7X8
JgPixR{z
L@y}xA?M
oNTi?r3h
dW6%Bdx0
JHSomcVW
o?}aBT92
BMN{&02R
B%UeHG73
53I!m@yz
PsxfxRjW
c@vnMNTS
mnNSA!N4
8eA3N6#5
S@jt}9WW
uiU?V7q&
O5niuYtk
@f$sH{y?
B6Gz4yGq
zRG8LyXA
?fDJfs{G
4J1uKDKC
mCXam40l
v!cJsxSZ
&ICHz389
VsCekpLp
c#IDM7qd
OvUtVN}G
%vy!NJp5
I0f9#VAm
9!7KT3hl
Le2M3a8I
LCFP2X1E
cqsfYMVb
Kk6iocFg
rf42UR?q
3q!2HshN
!9vEUj}@
hl!!63Ff
UR9DAG&j
BoV@k7aC
9ci3vCVe
Eees7H$p
YU$4iPeu
p7E&a0SM
Zr!8p?Mc
}!H}5KQg
Cbcl8{9C
pBHm@Cn!
f6kct?G9
bxz2RN$P
GK7WO7iC
20vVbzg7
}vIBB9ck
!!}O#wuM
vY5udpWf
?V%LYNN0
PxaSu5}$
W!}ZkOUF
0#PkXhcJ
iT!a8mE}
!1{9&}jD
OKR6oQiz
%P%@d#{4
@qnWvKyc
rB68$i$3
KY379!}b
sbN$z20R
z3kEZQp3
Y44HCImN
G1$$8JX7
7Twnfv{f
}wY!@901
OReBTb2W
bhB7EUxe
CZnx3kcv
#mTvksn6
d7qznUJ!
cAfwdJg%
pSOv0Zcv
34?}DiKb
Om1Rz$eE
CiBH7WFe
nGWHLlT{
!yquUx93
YtCAYsVR
Rpj}R!vW
7sALs0U}
MPo2Bont
wxmmi6C5
e@CAlGkD
7ULd9i9c
lSPZiL&k
%RlclEw&
Pr!wXJ4b
QwzK$2CS
LCv6LYmq
2Br?Ost{
?D#@7Hwi
GHTHL4m!
tyjRb@SP
IVcK5ZNk
PqRXTlO@
KBQ2bdUw
dXCkJ@ss
}qvMCaGR
S$tUoCiK
ibFmeHDK
ORa&#0bT
qijqN3X9
iIhn?8DN
Q7yM}54V
8qWuIrIx
VWN?K32h
%s$!tt$W
4QQaMS#p
1VwohbP2
57EqD&@f
7z0zmSBi
fgy3g%KH
Q#w0j}3y
WY3&U0Rj
3f6o1tmF
GCMaYNag
tR7GDh!E
iXHlRfDm
ih?ZE}gI
!pKjJPDV
dL9vHpNF
tHtLNpp!
Vx92W%jV
TbHRU3N!
Ve6KB5?C
KGUAdItk
vBddtL8t
QY42g6hP
K!sCVtBZ
Rtzvv%C}
y}VL5HRQ
ISNDWWSe
vurvJn%&
1uu@Z$a!
$?S%K}}h
$7&gLT!f
irh8lkES
xFp2?b5y
PJDWeEqL
V1gXU@Li
k0qIcbwq
YFe56U9e
Q4ON69z1
2!F}J{39
2aYJ1p%J
FG6g&52L
?DMGbGq2
BKeaf1zf
nw6imfb@
L7XH?j@S
Ud?H%5zS
oS{VocM8
4&v&}tzx
JJ{Vr{By
2e5hIuk7
i1fpM&mH
kwvg0&Oy
hGW2HOsI
d{TDJDWd
MDdpAuLX
HTAUyDeq
#1a20Y9y
33yLz13s
%XtB4bl2
a7k&%BGM
nZteCVbq
TbBz}2of
XCA9GMSC
aYvl2hg5
QSlR5hu0
@C2DFFSm
EC1G5Ebx
{BusCi!V
hh}iBzAv
{eG1wqt#
mgNsH6L%
KhAe@T!u
0y?YCY2n
Zt}nHG@!
z%L{%YBe
r!?3@wg8
qM6Do6od
0UszWuff
ri7vp@zl
4LXwqbJ!
F{!JBsr7
G?qOei8#
!y&uw6Ym
&{G$7D1M
YKUKKiXb
vD#oN$8y
4q}1n#IS
88w!vfQZ
AweN?oc0
A3Kg8ToT
NzH77x!z
qG5T9oU&
}n7$EKTO
mQ5Kai?A
%XRVjeDZ
PJ3@uz5b
FBbZ5zcL
$T&eSxjz
kHvbpS$E
WoGF}s$%
zXwFUp$k
$yM3t8ql
vPx8YP&u
afX9OcCs
aN&BIDif
qH5@{C9z
N#vtmq4j
PjgY$AWO
cQcMcGDS
f4uD6$P9
mHQtLai2
VG!Va697
Y%SLl1De
vwylrI6h
c#zhEH$#
%vZ3B{AX
XJkH2e7p
9sNsc@uM
{KTXe4%2
jb99SJua
1LI{PL1S
$4TDbMG&
s4buYJxt
C!A?vbkU
FRXKUudT
f%WPGX4#
z$$rVRC9
sw{pbD5e
sBExBZEj
i&WGTFTe
QroSj&Bi
TRLHrI8n
LX3}wCqR
MbKwYfAb
{cl%amLI
OPrHrbBE
SF&gBPea
zlDXOujP
w?oQvVDu
e@U6UZ1?
qSp?GH$#
WZMSeXmM
U@t5{Y{g
f?}%&23b
Vn#lFWBC
yJA!v7U}
Ee&5qh8?
}ozH{2n4
YuPl&gQA
7rI373@3
#vtn5iLQ
pgLX5m1w
d}mPGGc6
TFA6tmwJ
6{M}Np2g
K@?YyhK&
tTN4Ox?5
}wVvg@Iw
SZ4TAy58
HEk4&tsI
GhV46H!M
LW0h4T2e
NUsMfffo
s0S8L3o%
Y!I!9$Ut
ddhI8kXa
!74{#0V7
0JNWL5ol
Hlhbjfik
pB!3ojCO
Z@9}th3m
XORNP{LY
$wGhy2aM
dKUNkYFQ
d0Aam6PC
N!7rR#rx
}3kIWrul
tRfqjP{7
X&vmWl?{
CXUuovKz
giWNi@b6
p!g%c8!$
$vfbm}3x
FBG@PIze
5K}i@EpO
tqC}J4&g
D&%e1K@g
8w9yoD31
7e?ePhzF
fq1Tf9Rh
vB0hJrvH
z5Xm9ETX
WH!%1j30
RIsBIn30
m4!2tUnd
s!2989nS
NPZzzUL{
TCE%liLw
Aj3Ra?2m
uo&{QX32
bbm%B2AP
8C4q2wAi
4?xlgtY$
Xzxgf9BB
jl0EmkhP
1{J30Us4
Fj3P4X8X
I1Pgx!cy
mqoMCCir
gwjvqtDf
zE9QsoIz
Ymu?ABhf
ulF$a#ol
UyIBoJKc
HpZ2@I6K
NdBTk5C{
$uBmrYRe
nmxeUI?W
qGxJ&jhO
%vs!ECcY
HfH}Zyg#
asA}@!#n
B6$1QIU%
P64P#iYT
7c6b0hC6
JFZjwq}E
ocH{O1R&
9!awZ{E@
6w}lx%Qu
e4IH#nFp
abQ&ZYH?
MpX#gFbJ
Wz?{2SOb
1ThuF}E9
tL%8XjHU
neMHPQtc
b1@$Rs5e
lW4Ih9NY
DFShmdRQ
WTl0J#z!
NLXrUavA
1x5GoTKv
iGfV8U3t
VYAxtOa$
IELy90P7
aeG4tkpo
IaBq!eWX
hR2nvuRJ
0dGlTVuM
Sg0KO#?e
6twX3vun
89eyzMzH
e6JoZ282
3T%k8!qv
fD5AocBf
5adBrU@g
0QyEZ8qZ
hLV1wBiC
OKXC&gc!
xGydm}81
A&rmYewZ
IbJrKCJT
TAty0R{%
7feOuuHh
{I%95chG
!P9uwg20
$bkG4Fqa
1kEVsLFS
nB#aZhbk
rWmncOPB
!GYIgAC@
Bh?U3&6t
GM665awt
DbNzuZ&B
iT7&5tKN
JPaR#CfS
yddScOh4
XeThDus!
ZLGPNfcY
soZ30!7Q
NSbqtFOW
U1ByfG#D
W}Ivq?jX
8H#!sdpl
OwbJ#c83
j7i%nlLd
&u@LE}S1
}7E5N#Y$
vQ!U6VU4
nIgqKbqY
G%VG4ojJ
!yxw4#rL
$zMlR@Qc
YJ0qSVt#
P@8mpjUJ
13i7dhrw
?H?AE5Nv
jyDhzFWa
u?uu&sM4
o$vrgbfp
b@PMebe}
g8nPBvwL
ZqJs5dz}
TbcL9%1&
KrDTDMnC
#$0CNqpT
#jl1VwKK
lNA#ILGT
0jwrST07
9}wXGfX7
rPMbzbCr
r3&v4N5W
irLBxSCI
LN5Zhf4e
ur!crd3s
OT3nhCzV
TE8Ok4ru
Ka?HuVv?
2SVYBDFm
KWcTJ3xm
B20WxqI7
cB!zmCK9
R@vX2DQw
7ODRcrjv
r0FGUaFF
M9A{ZzVF
d$CRieBq
8!Dr35na
KUkjGfMh
9da8AyC#
yypmy4Bj
B$xucfhk
@Y&13ldB
{GTB#ELE
t2r8eW7A
Jv3Y?SBM
%z%pVzX1
W6QQGziO
Ot4lqUfP
eug0wD{r
S%KaztPA
go&PGpxx
1d!2ylJn
KwjyUkOQ
C0vKuv$M
CxqqHpx5
eL0OuznE
io295hPr
iq{Ap&C!
rxfz&}1{
FATzg63E
Xj3U&f@a
4J9O?Fk%
7uGpbh4b
wg$7VIL$
5qp1nrK9
gSUXqXDV
2kW3F?T@
QIjg0?Rl
c}KZaYzK
drqDC#d4
7NkYSVL7
FkvUi3fO
{!t4lDtA
3phOSDBQ
ZLifv0rt
ABw}rJeX
4fPxWKhe
#Nqvvh}S
V&io#Il6
8mAcvzcb
QHQs3?Xa
IXe0Kch&
?TOxDuh1
YLUt{?Zu
3l&os#R#
DHRYT@X&
v&CzAd6{
jLYNdnfv
Rbq%KLF0
BtQ4S}}Y
gn4gsbuk
hr78zZK2
c9LV}3X!
we3ke4s$
{Vkrm}&b
5@02l}LZ
&@MTFf3!
XqmNef?t
VZNNABt7
L6WMG1Sz
Dw&u!4%X
em3H0UEh
RB!xBimB
j7qFmUd{
XDjJodaW
e94{Ezy3
3&#KfJCJ
xGpsYMju
Nt}SmkRP
c7S60?d1
IWQ1e$$w
UFKTYfNb
h!I$0Xd!
#@XmO20i
HblAsw13
UGOWZPE@
kIhBTtHt
S$RBP9rV
xM{P}HUs
?!FYRNXR
Ns1ez0%w
AFy5Zyz!
B5lAnRbR
qC2lF5L3
SwaqQ4No
pa7Ia5oN
2fl1q6}O
!bSEaitq
1Sr!U5Wv
Un}ymX#F
thedzK0?
WkdEAk#4
Zf20l78i
}QWj#bii
u}58qe3j
ZbWOBFQ4
vYN5D#VO
dFxh5APh
RgfATAMQ
fxqT!QMg
gPrPU$FL
C2uxuwjn
{84YM$C1
YsSCY6kB
rx#0l{Ok
I4$H1PW}
4sFFx3T!
UfCyK?pv
oKXbHNdF
Ic!URn22
I9j3yh0H
Z#S?m{VM
jI%TqRrA
JO6HUwOc
yzsVrA#z
AL$Byn0q
ukPohmch
I5swJQFP
Nsu$OQlK
mzZWHrxZ
uhd2QpNv
3d%O&Vtk
F0OB3yY8
#cNObQ$M
oE#xD%27
XOwiqoXU
dZ1tqzOI
t7ZMl7h#
zKftdrQ7
3IEx$!BD
Nh380oGe
KbhXD{V0
xUSGbR{Z
8OEIzz#v
bt!p%kdv
c2UYyM4V
o%Lrg$b@
%4m8p3#r
Mzu3jupo
mcj0@R%@
hX}1#wXZ
WwmT0VW5
cnVp78a9
4A2Bry?G
uZ4DCSR{
KQ$eR#Dt
zKhHiYyu
%Tk6Hxtm
IS8@Qg5W
1VRsiL92
0MzG2LkU
GIXjTVLp
$4eG9V5s
xdyntEsj
}pwBO#!q
O#&2HblW
DhXaT$hq
mDSNJ0CL
waf1BEov
LdkGbKf}
Hav@%A5G
1y@sbw$c
yoUCd3RP
NPmr{PbG
7@FRPB%%
@3II7{{V
g}pEx@Yy
DsdL6lmQ
OFtd4@fb
3}mwfxdl
9caiMtlL
aGfG@56X
LO#JxIN6
!zhCqsxU
zNy#j1Bp
1y30Y8i1
4oaJNnS}
vK}Ewp#y
#lQvRPw9
c#6FI&rU
3}mXIL%e
Q2UbGp%n
h2WwH&Nz
r6P!BZRB
Zaghgtmp
M6wf4Y2Y
l&hY99n%
gSMS9L#X
wBP6kPMR
?WdQKEnP
Ncabp}U%
Mz}?Y9fj
1eqnFO4b
LGsGAQ0J
$Jrc8yRt
NKqbtxFy
cTtdb$I9
qIpcbEqg
U1TcB4nq
V#JF#rU9
7g8{9?9j
mpjQpRPh
HVNMC{HJ
OhbBXVf6
OMIc#6s8
Jk8dC0YZ
lR%y%5}C
c@?MhD8z
h43Rwasg
k&5k19o}
l79n{aqA
v!UU5B0t
zPr?Jx6x
ZZYzZ4v%
Iinw7tyz
Sq0jMabi
&%1pPxMa
rurh{1#3
oehL$Swx
{&8YcJr5
7gnOzv}o
TlgpUAke
P9dGHjMq
TOd#moG4
M{Af6RYH
q0q3!tzd
Hry90VCS
fmastR}4
t&ebaE0?
sZB1XURB
@4IFmq4R
a@TVGi#6
9xb06aSi
Olq2XMrq
{@kxwMOo
eMwr33V$
XxlnA?UK
bNG@Pu$0
yZ#VJNGj
39Ap$c!5
WP5yVJtH
XyZKL?T&
?F2m844}
F$pv#q&8
IISvRiNJ
k%fNu%fo
RNp}t5YN
fcg{an0V
t@lLbwdv
hQnBR#0m
2EkgSE&}
FLGEYpwx
K@wd3mUq
09S?4xpU
dE#7qTeD
%Iozy{LJ
6hNa?Drp
0oIoq#kH
EPrFnEcf
5XySNGiE
RHYb41FE
zj7V2kGD
gUpYSGap
fe0o2J55
4JMntOhG
bGd4r7Ra
1hMh@}%U
V8U&qFay
cPtzUB%1
zc!}c!2T
0aUW?kto
sIPLeXA7
IyN{7Tgc
wQiE@x%N
2?qZeWMf
k$9eXwAX
qjpuqScx
TwiZ$XIL
!zXR&dN@
Zo?$}vK7
}Cq@2GbN
id6CWL4F
NUmxQWev
D0oyxiOB
Ie8zjJTp
UA7SH%c@
OxYyKZmb
ucfInMF&
SqTR?VZL
r$Ln72t5
@J9H}6Li
ZFBZ02HG
xZBZe&j1
gVrsaJ2t
Gsnqkk#L
%Uz!AB&?
#B6NewLh
%$cwwowi
Y}x6D{Kk
QMD&%LCi
oUMcnY?w
eBgVxpTv
hAq79St#
S0LVi0Xz
2@i1Fh9W
UtXMvqA{
G&xSPKuP
u$!IWF$K
UCG#xRHb
4QcfHVlP
QbL?b2mJ
PSmlG&5E
sp8Qh7QG
MHGtehsB
$MObx{hs
Ud&9cYqr
FEdPoNo!
gYTk5&UP
CelaPd&C
enu1{tRu
J4IziCPS
iaKv?qT3
WORrYbOF
VlwiZZuF
FkYK!o3S
UnWLqzAZ
1MBy0dV3
LPt}3xwC
jJne6dGh
JpIMsWC?
rKI}0BoN
tTVuE!9U
3Gs24Bh7
6h24P@4s
Kb#sW6hQ
DR#kjn}Z
@OtjHzz%
tEk7ISMX
Oj5BADP0
#Pf%vtB#
3kO97ppD
2kMcwzAY
IXCU2acs
f85FWPPP
0L}N{%eE
KKHtjYMi
jV7w!ukC
gl&Zn9gq
o#j#b464
G@15VBJ!
zAnv4LSM
jOHis5QV
VumR$nre
?uLI}UT#
ciWc8}6$
lFsc%bmR
Pi%dfruB
g4X3uGDK
kM}ZRTd5
cRchRPka
fLWIup&H
1ACd{sHS
gi$X@hMS
wYFl?oDO
@HE54Em$
59SsYmUH
$rS9a9H?
spf&Oqj7
kBBwlpBQ
6h}?Id{o
?j2ZGF1u
PnDJxfNu
m@Jw!!n3
hydx1jjX
dtB4ErnN
wo#6}FxR
bkYNxR7r
Ply9LhXN
563BPae$
p2!UI8di
i?UigsOB
l!D@FBh$
BLBvh5f$
YaWJnDn8
P2?K%l?i
sPqPEFJz
AN@ViXgj
Zed9eOfB
iwPwaD1k
CB$D#0kA
egIWjeQu
HI2mQGLU
rthsrnMk
&&FR0TRW
vr9I&Zbp
dVBcgR3m
NJJINO%m
sWBjW}8N
C%wviDUL
0SIMYUo0
1K}Kl!zw
r8d8S7V7
UDZQ47fm
Y1XsCAPa
ziPIf2Lz
PbNtvYj4
ZKsNagf!
orG9rQTC
G!TWuP0u
8YSzUVv!
LuAcC5Km
BzUmJX!@
I7WmIr4c
EWqn%#$r
X$%qmkY0
zdSbKnig
Hm@T0Oyu
B00A}M%d
i8meAnC?
vUXhY$cs
09cvL6j}
Iww2H!w{
WV}ms7y}
su#%ue3V
Vsf#&Ufp
8$Fb5%Vl
E!OAlctu
kDI7ZNnl
6U0XZZkq
c2ht5YqL
EV8rubTn
1HsMi&?b
dNbu7p}r
3y{v?cIM
G8NQkk8I
dck{xu1H
n1LihY@W
lxS24z0h
I@US%0VP
9}k!mNgE
n#7r#Gpl
$VHZ7fX&
Q{#h&29Z
%t4qgT{f
S}%clIiR
GdIV%&XK
STdj68Y1
@J1mFYbp
jt?Hu3!W
{vzP1q6E
d}Yh?SAU
V9nl3SmI
40gnvTcw
7#K9xGAQ
#j5P$!%{
rI0rGAM}
rDcw?zR!
gfR}lKqU
!j#aIcRp
aDeFr?b?
Mb!{AuJI
A6s{}rjs
Z{wNjUax
Hno1mnSE
6ug8ityi
Nix{IpCQ
pJVRfk1v
DxPiY?vI
NyCOP5#3
6OmuBb19
0@hQR?5}
EHlZ0Bpw
L1V{qI76
nNd}8ITP
uijGJMYk
YSt8bf}N
yJpZjA#H
i#345{BW
x6FWN4Ce
@MKxvqGS
NhGebkDh
fPK1I%BD
RzwYXtvg
jP?XPRe$
u{nGGt!C
a#c{OW!N
ddZqL$5C
JG%#W4fR
Tiqb4XP}
y7e{6LXM
RYOPrQ4V
CGWOufbT
H3kEoZWF
HoGHqJEK
i1mt}pJM
jlqd6Jjr
?6z%Gk9&
!AVZdvfd
$T0U5QOZ
26tFjLuu
s4n&nHxX
kj0OwAHX
ZSVqd}kT
06u2t$t9
%@Witi&e
7xpl2Rqa
fG6VVdL%
leIEK&t&
z21AqNce
vLujci8T
S@9nGBJ9
4LY3DJq0
KXy{kUg}
yxFir6gB
O@Tq7Lhm
@1lqT&fG
LUwFTFE3
K8T8jLz6
aiM}Teck
?XhO9hzM
6Z@FdMsG
@bx6d46p
{9S0gE4d
Gzcm2@d?
6L12FJt#
sBo2CCSw
uIqMOLEy
Ehv%pWGw
&7G@SnXb
bNi@DkTy
iMZTgHoj
EjKelq#T
l{qS4Oki
IRh##CeZ
jyRtnMSn
k6Ez9JYx
jrfj!hqx
4&rXp9xI
}$8!5m!@
yViPfKdh
w7@Q?l0w
6U}eZTih
d!$iOBAX
ThSJdk1S
fwj!ZTg}
BkRdYNsp
QLheJIgD
0UwiyE%S
VCZIc3pY
AHKxbD6c
qknzE6#E
CJFF{T8g
upVrcjkM
!lKB9VsI
H}IbpxQs
tJyp7DDs
6qXUUQgW
g2TH&9WZ
WZE7ej#A
6k48H#Vo
}F%5E?Zd
z2GH2o#r
???uJhr7
d#p&Bam%
vWxO5fZu
{%1RvjCX
4YfrHYxg
XhFVa3UN
o70p&ixE
$vlwkZT&
3enxFeE7
Z4agdY8E
uIV21Y&S
TxJt2vqJ
UeiGRJrE
Y8gwZtv2
jk0AFRke
wNs5VH7K
M!126TEi
7z}ao2Cq
Gxl2BPUH
$Gy}bDYx
pNGrW!rU
SOB$TfCw
XKcKA7xR
4Qsx1Qe}
d36MMyLC
?c@J&Q&Z
5K!?}vC{
q20piZgH
?r&$TYAi
EvtI0J8I
@33zl?RP
rMBTO7bn
}xOZKgUz
Mq0Oim?h
p7jQSsO9
4J@kmuqn
p2o2ivr&
&k&#rOy1
XyfGn0ka
$CPjSK$f
Cz35!S&w
{gtvF!y6
#9h1pzPX
20TWQs?c
Qz5xaH%e
T!JcrcZl
zqj4yhYO
FI6Z}!@4
nxoIL&qN
q0SrJuAw
c}#lMjsA
wyTwMXZe
!&5NHgBr
xyScM{Ey
4W$FI5bd
wzm$HNyc
YPebksMa
9D0}qUNV
nXs!#@v#
G%%m&N0$
5V{&r9N#
C2X%FOg0
FUqCE&ZS
EGI13XSN
d?ciL$Gg
PEMMdrQJ
4Q0pQFJ{
Hz2LdLfS
yF!{z{yo
Tb?EYRES
{XI8E?4O
rh4T{IG?
kp5hY50i
xKM$cRmB
7@Z%C@x8
FqF!7BTo
u!Mt9Eaj
ZBN}TAWA
kdsnPMwg
@F!8PQ7S
nYXxgZQU
FOr#w0fA
TXxFY5lj
XCXNe9C?
Sr69ye7k
K60CFL}P
zN%g#hyL
0dXoqcq?
6T$u9SFz
FMT1jaSx
@&yHf6Ay
6e@Z@sIR
DUBCnk4!
D{LDSG6{
x@5vIz#g
Wl%TBoRX
K?@cDinL
sFx48%O&
o0pHI%yI
32!#&TWp
e6deu3oQ
Idcq#Tcj
{8an?UU7
D5?}5AMk
@D8OpCg}
pxNGJyp}
$$81HVoc
v{8j0Y7U
uORMbkT6
O%DT&nrl
wVmTsoAX
hSV6e!HX
Y%B&Wm%F
QEqr#i4X
jJS3j#fw
EV4n}gXt
rD&LfESO
RhZuwOl!
rWKV?VJN
0QyzIAMo
&KnJXSpH
imTp2JwV
Fnu#t&@h
DGwLLZoe
y0QYjm&I
VB!3ZYbp
u0}Bwx?m
eTprJ3DE
Eh@gd!Pa
s2n5R9DG
?M3LFzm%
8CdwgMyY
$6rS{2pp
bqAuC1%D
hqSA5}HP
4C{KC?A{
9UZblZN7
jvFiKOa!
6yiV0R4@
Yt9dU79H
jD&}VJHG
v#L%uvDs
vZz9&jC6
anzf3Pfu
v6AL#o@J
FRfqH8aK
!4mMxqrr
enQLT9kN
ynoGvI6A
E6@@92D!
%!byf8mM
CShXrY2h
C#TBR@59
roP47@8c
{2GySwDc
thu!j$C6
q@x!r75V
C3JE}?pd
Heo5It!L
$rcV832W
6#OpI3MR
$CW2VPPx
LCfhFrBy
BmYNj!%G
bWGnJjap
XPKBdtSa
LiqKMJcp
v@m{D?wj
O7h1vYF}
%e3F?Ev6
4crM2mCE
m#YQHN8C
#eQ9@NSL
0syD?diq
4u#N{K7o
&q$y#WA%
rDadHxWD
pxWmQjjL
Uo}hlEv%
C0xvn@DO
0E!zG2!0
4i2bvp5e
LuKo#JZI
m8uPD1}0
XuwE}#U9
pGv@41?m
b3NckB4$
tI7UA%WG
ePLHSAO}
4Yp?Rnv5
8mr%FMKI
rY?DeSzs
xlZ?p13}
V36nOoQ#
M&KV9t}F
dp}aorzt
l%OQ!5}M
tF97Ee4x
rIRNAtme
VdnyN6F}
b?w8bRWN
h8a5Fgx%
pKAFtDga
AS199wfE
VpFqoWx$
zeu7L6iK
AE}f}ao%
7B0w$U#m
WT#dZcdZ
nZC7xjVG
Vg&K8k{B
BMEo!y$c
@jdGAqPp
EP?5Z}%V
i3jOO7nN
AURX4l7k
OZTfH@z#
rLl!u2$4
DKW67?Y#
FyEEyoL9
dDZaZu5W
pLYD9sJ7
6Fvp4KWe
6R71Oip8
bx?WUY{T
NJC8&Se4
OkVF0R$@
UsfBwQK@
?ki4rUd1
{&PINhaS
5qxy9zLK
gMO4tXSi
QQ7Y8wCu
?&vzyzsj
OBeUgIPn
NyO1WW5X
$vmgL&pi
EMnS{Gqp
EZr{w!S!
Td@K!Y7!
1dRmULt#
BOJ2B29U
jNS1pbtb
%dibGP7u
b!VEphLM
SN!E$lD5
j9!rNGw5
&%fW8&HZ
6?lH6TjM
a835xQ}p
boASIV5U
&M9Xdkyx
A#DbDa1b
t?loLyhw
F01j7Ocx
r8zrqsEA
cg0LM5ao
r7nUgEIX
@loCGAej
8cTOAzQG
5q7avdjv
2lSH!XpW
KlPLzfMc
evSRz?%q
i@0FssOR
vfBIsQ&L
TkwK&uKN
wy7Gd79D
vgm7?I2o
C@ibcjBA
nQi5CkcG
%JZE?4kk
@IIdNM2@
Q!U3XR68
ijTegoR1
TKkN0D2F
We3Lknvm
VUwBi4b$
s1V9!1Rq
uXFc$DR#
r7&K9iLK
@dZ77Yi$
RD!KDYx}
{$MWzK7$
9o!{Elj6
riiSxcIS
Zz@GfkMv
jdG4?srK
A@L{Z#Tj
X@4pI4iT
TeevvM&C
&{gZ2eSG
Eme65W#2
j}&Wp%NR
kaW@Gp#p
at&HJ25Q
7Cy1xZqn
h&ku0S%U
dToPOCWM
kDF{cy}U
geDHZpx{
z0wbZ30H
&tSlU#}h
PlowQEYy
FowDs3Zt
uR4?K6Y0
}}4f6oA4
WZCsa0w6
SzMcSN8@
M15DG7SP
$gD#E?j&
pOFh@fj6
Tuaj8ZJL
RWRNg5y5
KgsDL8km
v!!fHl}z
HShpvY#p
h!kfDd{I
JxDFs?Ue
Fd99RG4X
}kElEh4u
P{nDC&9N
j{ZSzCnl
&{c2sSfb
3EzMG6My
n6jRR2Mj
iccfN5OA
HmybFmep
b$dO$aju
G1UhFHvd
ig{mkorT
KvuTc%B2
8&kpn5NE
0f4eOGZS
D9GfCv7R
HW5pPcMQ
kWSCMJP&
Ea69FQw?
NWK5HA4l
zGv?P9Y&
1ET#Xe!V
ffzrEqI1
UULgspJV
3EZF}eFZ
ziUiUUAf
9kJ5RKbT
7D9QvXKC
0k1vRwPk
#nRKIhsO
UpMsnl}d
pPF5&8ZG
SMv3?HOx
F0K9mW1j
ti5k5Oxv
93o}okAi
najCkx&}
zEHWK4m%
1tImwzbw
Y6EfF}?A
E%Qg7OlE
B25V!rc{
7DgM2tC4
IvNqrRmE
KNMX}DSv
IppbP}Jf
dXif73OH
lOktpCCA
fODRmpR{
vfRv@7zg
#vU5m4oz
BTfEPRwN
TfznGXHq
cnyi##?h
iQ!%8bg2
DB%zqB&!
!e{fNr4w
I9w2sGub
u79d!Eg?
AsGxfae&
3FvX5m5q
SLeFy6vY
X@SAQG76
Dy5HgKk7
nfhvN#pD
ZzsdSB!I
O{Phu8aG
6QYhnaUH
llNyj0ly
37GXPvxt
orGHpqrs
23ax%Zwe
A?6$F%{R
W9BTJR31
{C3sOhfw
CEarjs%d
@@CHtzKN
HL1gvx$t
CQLjSJlq
z&gK0?#$
?EgE11bA
eNj9SmJ3
dW73?Axm
rYoCDcn@
WoLhU@U%
}Gr@}?D@
WM26{ZYP
0WNqgvwU
zs6U$y!y
3lkj2BTH
pAQcL?Lu
x8tyV02n
XhgIpy!%
s6{r$oeX
amJI{lvQ
MguoeVFM
AK3ZYuuc
cSLesF3p
U6P{aRzE
B2j}BGVd
cJJPF6Lk
5RbX}qfE
#%D65$JS
V%f6sqW9
PJZmY6ZV
swBJhA0?
L3p@5L14
7882cJt9
Ns1MzU3U
}RQlG2$$
pK8QT?%#
wk#c{RMe
0YSM8oxa
ISOG5HYa
dr?ytI!7
lTFc9i{8
U#B85w46
tNyABTXI
Rm?2YXWu
?l{L2AaE
AqL7FJps
RFySfHDO
wpt#lq4&
$N}ACXib
VH4YqKax
@Gs@gn$w
XSYa&?2W
5mrlDc$d
P1tExZXR
a47Lg{gm
EpZP9WqL
E&$!Lc&T
ArevON6o
Fzrg1B0Z
LulYfvGc
&@8l!y28
c0Jw6GrX
YllZDjw0
$9ER?Lc1
nVZraqLk
m4hRK&l5
P9rzYn}O
5q?hqxB2
#8x8Y5jP
lWjLm0#j
lJ3Uvztb
XDbtVRFl
AJQ1Gcan
HPr9eFIL
&Y5Geg3u
gQ40poaP
0j7W5F6p
B2blM{fb
diJAR4!G
Nb1Va0TO
3Z6g4ZsQ
Dqt@qeH7
LgI#Dl13
sDBd9T90
rC8}JC&w
2aq$W4Df
{F#eT$jq
S?7UCro}
LbIM#5eX
dDyfkNGC
pv4@@D?&
nHqEcJBi
GdgRzpPc
Ky6l6DAz
N&%2Yt1p
swhmcyTI
9HD0uf96
!2p&p5?L
xOZpfqjO
K%pG0U1m
eWu630QG
4D&8wkhw
1hKToXPR
lDHP5pZK
I{ftUHCX
?xPzlyWs
R1YBjhSO
&30cKnYX
%DlR{zte
b#4Z!6Da
7Gq6AME$
ATKG{L%Z
oVvhp1$S
XJimyC5!
oL!vsd@S
H%Zc?Qwj
iUxpxn71
R{jcN@xx
sfKIIT0{
jan5A5nO
C8QP$$?u
6YuRk$St
{kOcPyxn
B9B8h}Np
mvXDTZ98
36AWmxZZ
V1fSqURs
wWkvOTQ4
8ejKD1Z9
nqYuy4T?
u2lZN2Bj
m@y8D4Qt
j2Y$uKI&
A8ngI3{F
vJlXBrc2
$QE6%#0i
}DjI5V9f
gPQtl!@K
0WvB2$D$
IlOjLYKl
EeI}}JwD
NPe3OB4m
q!Q0M}4T
pwkAH#io
aat{k1bL
{Zv&uK3B
VC%hvW@P
JPZuV4HU
mFSiVn?k
zyDqK&{J
YTkiZk7V
kP2J5}pu
hpXNdTIY
3dmHOa!d
o2aenDA@
Hjq%kzTq
ENgDlAFk
clkgg9QI
U0N3Z9}X
c}FznYXv
WWuHF%zN
LxJgJT@P
825WpQ#G
wt35fwbg
2Hm}6VI!
Jkned1m3
7CamCPWY
SvlPABg5
mUoQIR0A
FHC#Q8#s
KTTb1?l?
cA1#7XgN
3QQuYreV
KmR6im6#
?n5@WWhy
UqZr6945
cSRAak9T
P!ihzs?y
8uZo}Yhv
grJ#Y8V&
s$ZnsUUC
V03aLajd
pIoMPG6x
uL{pv3g}
Wxsytpc&
iYsAgq7F
Zjo?kaXW
$g!soer@
dBl@Xl!z
?LnJX6X$
mWNvGDKA
E}k!EKK8
HbyOiC0P
dS2pFx}I
UKT60$pm
b{yCP?fE
5gu!svCf
b#ehf!3e
EN#rv&MZ
XFLro}p!
X{O}GQQR
}I0T!HlE
iw#vZEPW
UXhx76kT
R2HuRp#Z
ztTCfkK4
lMhXUH7M
RA7M@}xV
Ag{Hw%YQ
Y!Mol0NZ
DZvo8D&d
hysndxWB
6c9eDrRY
5myqr4Z{
4zM?1pIR
gprPLL8N
c}L3GRw{
F4nCKspM
GkzD#qy@
XgtnZjGa
lS$xvFaR
JPhc%RvL
KECz3@sp
MWlZ{yGz
TsE@%LMh
yZE5D}z@
}b1Iad5Z
0YE$y0W8
IC1@P4vw
LElngG#i
MQj0g%s5
{!J!H70@
4wTZ67jY
D!Y#qlfQ
EvEb#j!V
4%x!8hzH
JzqY$!uq
fmfOTxw?
T$v8XSCz
TR$VF8Eo
BFyld0K6
}st#y}pM
x9TGO{d2
Jko4ezIW
4irZELJm
@heGEzuO
PXSTtW{{
WG6udHGY
!c$X$P2Z
OvD!YHCi
fXSO6H}6
x2Fzrlb6
p{aITnck
{9d}QfXZ
&E4GHD$K
hcOua{iF
VawndNXt
4wI2Dsev
FxxrZ!JG
UWjxPk8%
VI&j7$%G
fgAx#g8N
Gz964?z9
sjcG?sWo
d$p5SYXh
&DuTJ9Wz
BA9Z&v?G
N5CTJKP}
zZ$Df$va
$Enj98GD
Y&Q6lPrG
NbRxMvyb
iJPT2gNg
OJnxOFD4
%XkjOA#t
vyC4!d4g
tR5tp3W6
%Nhfg1Xd
fc&e#bz9
?#h$Q0Fb
u&Xfm9iP
lFHz#oUk
G}cKerxl
yeB6y5MI
k8{UNNtp
6!UDHSh&
32GdreNt
{?1XpBuE
M3H!%Hrv
eNJphXq$
pF%#EF%q
8F%HHvhs
4Z51PfAL
fE2U3dg%
N2}@RC6E
5&b5ZNLM
}hzkm?Jf
Yr8v?YY5
HF4}I#a$
#BVal?MB
tY0i1wms
3GTdfGy7
qR6j{ZRu
NJnN5Cv3
zCvuK2kq
jMFHt%FI
AJ&a{!QM
QcjyoNxF
24oxbrmH
zDkDW@A2
H&9c#lLn
DNwN5}9R
8aKDjrt}
I$T6JBxK
pv3ipG4z
#18umxC%
aITq}w&&
NndR$Ktb
@NJT89y}
FRe@Bs9f
5n6BH{3Z
P7xC9Ost
XuuA@tmq
aR98VRrN
OUKjDwYA
J{f?2e9Z
1xVMK{%q
bm3nqOpL
&urme#zd
DFJT#Nm%
PbWp1V{#
0Pd$BPeK
7$AY7X5R
M06MG%!c
6QV!Y{GM
3eeaJ6iV
JQy9De@z
%lwYZ9z@
y}O9v?bg
ly??iRuW
Xlks$FGz
3qWUO6Db
3EERoDU9
12EBbU#3
%XLMwnM$
qHiut4eA
8y42I$m8
Gn66eGw4
n#r#JrdL
R2{SzV&6
PeVHJ6Y$
epf3sfU1
rHzO1U6e
eNCH9Kxf
GMjBRGv2
v$%5Mx5Y
ggso5hmr
drFFh@}W
e1RauUEB
@mTFm}%k
{Su0?}PJ
6pE{Fkr5
Yuw#OKvS
3ITfha3z
WeB2mJ?c
nO22U&5l
m@dz4jYA
IZuEzjRd
DQkbTD1?
sqZyL8#P
yq$jXgfA
WJf23psk
pm4KU8ck
ZSPwEfG#
4vx2VCHR
Zw8ZIeO9
DTFKNx5r
14Pnv8$C
Iea60KsF
%dUe@Oz0
WQ2}F4xe
Cvm!jDDD
g9tlx7C2
C7i5{ou@
YEHqbWa4
J7YsVAUj
Ha8?@PjF
zW%zzmV&
9dvbrA$Z
h12wWDKq
1r$5p%0L
QrzcOlD}
CE0{2s2v
000#nk$J
BN9jRC2K
N!e6ky3d
dSN%?cIJ
Gs7Vydfn
xD9M&?{v
fw1Kv2Gl
c9NSI&Gh
kqx9qwBy
D@M!KIcY
S4L!UNst
M8DiSeI$
j61j4Wn5
fZl5lQHy
e?cHEK7k
5pQ4Ij5P
DMvCjOjU
0KsUVp}0
Q6%!G0bn
ZqdTP2bb
dd?2Zc1&
1Hz8mETk
YO}D!tkg
fZi$xI?7
ff2UW{Rk
VavzQ!ZC
LXf48042
aufNuHo?
O!7x!o{h
!w%8}M@e
?0wB!tbd
J}biIANj
Zc6G%6M6
#c9p}tbp
awZ4vCiM
bgCh7JOT
IKW#g0yA
yIDEEuzp
iwiMEHFq
8EMauiTi
D15ePvo5
pM!7Z6pE
z1bSZ$sM
lvSczd26
{CKUc}ex
8PmbrvPk
OBtAY268
KHGo5kdC
IHfT#baE
d#SrZzYA
T7Xw%bAv
l#mW0ZiL
jqPxHCG?
??mY#yTv
BkHUqGw9
#leRs7Ll
3Mkzv$Hy
Fk6qY%iF
DgbUdhc&
4}kK7eQ}
7dPn63AV
u6JIJfqo
6Txuif{k
66ZiK8EJ
uPSVBI3#
WOG1P6fg
7@F@6ROj
dKRvD5SC
Y4zR%Mia
HPQWNtED
HuAZfmg3
uzjUzYji
6{s$Qq5s
KmJ!Att}
3CmP&}D#
&!@GHt5L
MwopdWmn
iFROxNvn
Uls5tYwF
s7%QH@RE
xGejFwXG
N}KyCyby
#vA3o8mv
WwCxw%{4
5EmjCp?}
QnXpTgAF
sbCojFta
R$Z2$fRW
K}eok&es
9&?PDSIa
z{T4L87E
VZAn&1ne
g!uIR%oV
n0HP%vT$
zIjK{AG5
hDG}azHL
$3he6Q0f
fo8E0Dkg
2TQlRtnJ
jn$HdzGM
eHYofy2m
szQkVC67
bz1OSTF2
YtGWK&gC
0UlY}N5?
%FS6NDnc
sAwLOrc}
?g}mv!aA
dCtK4Lzk
$m5}PE0t
BKnmY7o1
&iI8Tw{Y
}hg}uHOo
pbESq$}h
ShYQkIIB
KVEaT5ex
f$xFh!gh
HA3F0EvH
3l}wP%Go
%PqCNA4z
9N3arB?e
sHVa%$aL
qBd9Kwq@
R&1L1?09
w0QAY9TA
xqdmTmqm
ya%8p!zc
$XU3dY#o
}1gxwrOy
TIW0Nq}Z
3Wb}iaNw
p$tbF3fU
batqFWkh
!JBQGx$k
5Fp?HIH2
XMLoHV?F
opsXSDfm
0{5ZjwXC
QRS}SG6B
V5S48P3m
{K8rWt8f
!}6r%k}e
sAWGl}Q2
5kPOgiBd
bD9YwP5h
vYHowrKl
qXHCIXo%
WIi#ufKc
CFx3x$T!
rBKq4cdK
4l}H{R0V
}SYs$tE{
0RHISYSE
dZY0nWXq
JZI@ND7n
Xxx$Y6dK
!I!bNvYT
?6F@tOg#
Tk&NE26n
BGDuaF4y
ILYuiPqA
itcHhR29
#7Z!zViE
bO2@Emq}
U&LX$0@@
zllltwj1
!tnnw@iD
LTRck1tS
@Uag#o8F
JRTPUufE
{YbEgek0
uylmeMas
dEeN#yzF
wAy1%GUB
YWuAf}X8
0cra&!SX
8FBpOE47
?0mhK?TL
kROIQJdx
wkz@a@OW
TCsHRT6e
R#{HU!Wn
gRkJ?ZLY
Ad5TM?$U
hi$UIN{p
jwPUwaC9
J}1tu$wm
A!yN08P9
ATaNnw2O
dsS?{Ey!
Jh##a3#$
Fh8lzl6A
%2p$3BV!
Hm344FDn
WkQxkhib
74epL?uw
Y2PBUGaw
TYLJs4sT
fHuQWM#4
jhuv9CNt
gq!FXaP!
7U5I54Gi
5WgrIq@3
i1a&y81j
Rp#UtBzb
W{ullf0T
&wh@vZgn
6rO6W&8A
HydyoqWz
YGB!DE2l
sNBe}vWa
7IWkN$41
!ooHcp5I
d#6TYNCD
s{@mAlP0
Cm4DDV00
gYUBW1YN
z6#6FkiI
59UBtfmv
1tNGkV3Z
yI5l%8}r
$!V}61}p
VC}U2AIt
0ZhOt0dH
z2w!@BxI
ZdlMnhwa
HKgTnj8q
0B@wAv}{
y$Jg24Kx
aW{ZF{mx
M{NbhzcD
&VxwozLQ
$iiQPpHK
HgeInOVA
RkwM8GP8
$TjaqI!L
Eg0U&I1G
@IwdcswP
5?O9hJNl
0EV8rXpV
4scplnX$
y3ImI4ZY
8#ikUbb}
#W1pI59{
}bd3sQ1u
eYpOGt{6
wNY@Crwq
h$Q%&EI7
{EQj5p#X
mwrkZYXz
L5D!oTT&
XZBr6&&I
N4KO!?RP
{f?vqVOD
2W4j%}qv
igMHJ2QI
#Mof0MH$
i05fGw4q
og8RGyOc
xPGBzAE$
7TxCs6zb
i9ti9Ams
Q@9Qzd}s
TewjBVgj
6f&Z2?fv
XK7JxaiI
4ktGFKop
zMtI9h10
bb40hCs&
3h}MxKjC
zvC%Ov@O
4d2h@2oO
BztIvMhP
b{iF%KAq
C$&LNDd7
GOmlu%uw
kQXjc1$E
UmD?sXPn
74d3j?X$
MbTc5U?N
3dJ}8pMm
q2EG$8Ri
5xW83zzF
ADCKp0w!
Q5Oi$XEw
p3@5bJjJ
N?HK1gO@
ZkZ{SZ8z
VuqPUNdj
LQuCkTF#
3p9S&eI0
hkc@6Mrv
Rc8pVYeQ
Y2$2hHNR
xxl0hP2%
WUtoKI0W
QWShHxIM
yXqL7E}2
lGyS?Bpn
S6cvgcWW
N5RckFaV
X0gxBJXZ
xXYxsuXN
odb?DpvM
!H%x0PNY
$FDq@j3x
4A63mRI7
E30Arj%s
d{Zc%zrr
ETI?YUS$
6lmTF$M6
#8ru{34!
cl#6Gn1G
25yrnXXc
v40uGD8$
d?G1lx5I
&DTlzB7U
{D5nKhLd
XF&&&{F9
}KuowcKM
XP7nm&2O
CruOCMth
XwzAy06a
q@5hqNsN
y&@d6W7G
9?JAZEah
YykF%7Y4
%s{0OkqN
EbwSykl6
eJ&AOfFM
siUZPyIG
dR@Nx}7T
V49I}hkN
MHi!2cJO
bSYv#!yc
wpsF}HWt
$yP3Wf85
$vf!CkmV
hxSI!0gW
woCHfDj1
9}Ey2Vd3
ge%$iC5t
Qm@1#QAE
u8SogFHn
rehoXB9r
RX1XN@R?
Tqwb}iLz
rMF1iUjl
82gw{mcj
ErrUd${@
LchKTbI&
47s{P!9h
$45ZQ%oq
5qu#ug3G
ssnC83sr
OrP9YVx$
{Z7nOUDe
YDR5S&Un
}A%MXd%5
KEsRK@QI
Y24iDwOY
QUJHCRN{
10Z&hL11
QgkaV%7S
v?s!h@!u
Joql0}@U
32#vER?O
ObJTH&q0
CyWCdroz
5Q69rV@t
e@ceRyfv
JmQGDtZ4
jnhqC}0S
YuBh3sZ5
@woKLKeb
b{T?&QRZ
xd1rE$O6
%NYMY6Iw
2wXaM@QD
K7vB?fbG
U5lbcC3e
qyb4nO#p
JyOwT7Qe
JymmjUkq
&T?6qRvN
vwcnhwB7
dFYc2mIg
M$%5cT5r
jEagoq$w
4vU8#IVN
W{aPj$}K
sVd?lrj!
S%8BWeMb
}X{Z{hl#
41zA8N7d
%g4l6fF}
bk}LjZU?
zG2ekpRa
9yC68@s5
CgeZQzQy
Yf?ld$oa
&p}ZuFF6
UPBonLjX
TBrhz{O?
@@qEUEKe
1kQJT6v7
$NMuP8QY
4RjkDvTK
i0ELEB67
sC{lRYW3
OD7#DbYJ
bnuhW5FK
byS$?vw4
re&YnI22
ZQ3mNTaT
9@Qf%Z21
&{pA09E#
IpyZZn58
Mf6SrzHU
Qzswd49T
b{F!!78b
vC#S2o$z
et6eR?ho
@B9qccbB
nyn3jzga
5EXt4&j8
J6nzlx41
qjQm9ktO
2%eFg&hg
RR%IrEO$
sG2@@{b2
&}mxlosO
bF2DXEBt
!vW6LqaI
HyLxl#c9
}TG{9fP#
9m!T1$mA
23CV#SUz
v$@c{B{Z
gZ}wEvpf
#ElRWg}V
cX&E5saB
Mpr3@Tf@
vJ2NoQoS
KE{5JLcW
@7L#s%l6
6U8UW@Sa
hqCXBoqe
RMW6CY!D
}?E98ZAB
xc?U?K?v
%hahKWyK
f7nl4EmB
vRyuC#li
4MsqASZ9
MmHrPCby
jlEM&ooy
6j}OePN}
Ce45bh}m
2{X{6B7Z
AQ#@7sVs
0ZtR1PBr
4$2ov?D$
14ufScwG
HQF4hkwT
QzbVn}vL
cYI0wJDj
3EfdBZZT
GXUUvn56
i{ktQL6@
ZC$9%Djj
dV3S5U%g
u}G2Y@@9
Q%ZjGw&J
WAZVA304
xX4Fu?IZ
&0{bvah}
$!lDrGiX
gmNAcUw2
d{yVhPrM
nhurx$Nb
ipn@u{cF
foelQpRx
DyO0C#!G
{Ztp{d}H
SEDdSU3X
RbdhPtN4
BoqZD4Km
%rzQ@0$n
F?jX%G5h
8iBfv$gG
FzVeaR}6
%v5&E%tf
@yZbLQYe
Y{xtg48y
3F%%Y{7w
X9xrGKy1
wuusChFG
Fh!%rZKy
%KAA1&YK
wcQSGq1k
A?D?W3%T
VBjqZaV2
dp7oz4PR
$%xyai0o
6@MhMDx1
erufT{Aw
V&GaHAzy
{bUc2FgL
6W3Z02@#
GWRH3k!V
8!zsVdzr
a!uOpgpo
Bcz69!jS
IB}&O%6%
x}YIh{se
dYg4}BSk
g!OZaHcw
#z#v4m{l
rN4#IEl2
rfHwh!US
HzniwdHM
7rQxmFpB
5&PZyJea
4hKElN5Q
k{tEu2AD
gE0gY&1F
{qNq6Qu#
xqLMsXXt
#zpwxXe!
jHTZV&QO
ZNx5oUpO
$9yxkepO
rNSy}ROJ
rZ2pLK?C
i{gm3HAj
ZQIR#XjX
SCO#qmJg
RJpQWyvZ
q$Y?A5wZ
XBG7xEtR
Oqo{KsIA
@epmRN@}
f3whYEPW
mRjJEP6c
{p}hDgdT
M?apuas%
OUZXpEfC
hJSFynN!
UJ?yHj7O
wtt9sHP&
#X@q10MI
1gR9tNdz
hPO?{vwh
OhQ{Pb7w
NHhi9nyi
9goDw%1J
SNDMg1tK
!?OYQ$3e
SPQ}y!LF
C3U2GON&
dTuaJ}z5
qIInOJGG
mcU3L51l
7UFQmHW?
KdiGDG9R
fb@8e6Hc
4FWuUPiN
wd#JfzFH
LJOx4Ky@
&sa9P6Md
su73Tk77
b@pIptz@
Ve5Lb0RT
SrR9f65I
rF5$Elq5
H60d1d@X
teJmDpbX
karM!z3O
AxzW3&u&
!75}1T#P
T!g804#k
bHyGkT1v
qN?9{5Jb
@MgsjN7{
5vpHNQu5
Ln#J8fyM
i2LYuVYW
fd3q@Kya
Ukq7@hk&
hIMtT33b
fR!rYtf8
#FiKJ2bZ
PK?kP4rX
$ntXSiMZ
uMw2JsQJ
ZpwNlYl4
bl{@&6f0
46CepJHZ
JOWfqMc7
ugzCZ$L0
D?Zh4Owa
MeDedy7P
DSbc?v&M
B%&Y7avI
FBgI$zGD
x#TNWVfg
KweGn#?Q
RSrDHUTx
TVMl?nEz
?%Dz@Hfz
AL%k4jiy
VQyn!M&{
8XZgCCfc
Uzx5#}ek
y{ES5RQ5
23XZ11KQ
Cw67Pf@i
Ai$l&HoB
HHR{t?2p
c9o3t{mK
&Y1662uk
oHHNEJOl
2vC#YP7!
yhrd4iuK
lLaOodHu
I5GvVWOp
}SGnY2bQ
Sp$CQuN0
&DG?YX5c
WvzYmmMT
TwjFCruC
3yg3{5a$
{%!ipY@X
NmoTMwdn
gthRi%K!
r}e5JWDi
3%OTRHAc
MHLKg#7V
5O#j#nSj
RA7d#z%#
ww5NY1a5
HHxtEAUD
Cp$0U4oM
xJu1LJY9
TnB#@jF5
3UiKb@M4
a@dL7}kY
kWlvSeJu
3KxjybfX
pW3cYZc6
9bJVu6Yq
YZyaNyoo
2s8BGx&A
tU7aSajA
FXaarKKa
Us9H2{ew
xBV7b7hy
a%1{}DHo
5hSC@d0}
PVQGN{Ut
FpPsxf5!
7#wbTj21
sMm2{1Bq
f0wHJqsE
XxGSj41P
P2K9f7YF
uFgpl?2i
Z4m531d6
ehzpW!Rv
7h9}CEQ1
VBqW7BM9
g@UNQFvK
29ak10${
RVy}q%nk
8kt@oZ5{
wI}Fy0M#
ic?YnXpR
lT!O3htS
@UKtrskk
pLr$}{9J
vQ{XzD7B
CryTUFNW
N}M3oU9J
PCxyswPC
a1N4AT}r
7V3Hr2n#
5p6P!0m!
hHyD53Q2
2k7tko%T
GirWn8S?
wn8NVJtE
0fCA3QPN
Ef2$?D8&
IU!H4@PZ
A#gn&tY0
J!fuc81s
YnkU4vSk
D96cRWlH
i61e&mWB
uOMIXF2w
ii7ztf4O
lYH0C&EO
ulLV{68?
dqh9aO?M
lmehR?3z
UgHLOXGj
e9QWWUzu
6yTHE?{B
lqwC7Q%y
tQMu&ubc
6%QVgVNa
hmC@tlmL
@#dXvSuT
0v2xHwsz
95W{7Ph7
2KD9tK}D
5t}R8%VX
hhQyRl#L
DwSvV$lV
A3A{?I1{
MuqU#&CF
@G%v6Lfu
zttZPQ%g
gBZ7n7L6
OgqN?sTd
VILx@2tH
dEM@1CIC
Ss!?RAjK
oNQjLPl7
PPe4kVXk
dVnbSt5@
#W{IOyU%
Dk5SaGz@
GxvL%7Bw
n8MFWKH?
5ZY#C%pD
vjkUkVC{
iyHMAdtc
PjZq5kxx
StobB#cM
Dd5qq!!m
#w15ILZ1
r6fQjB{z
41d8Y3d#
6dbc%fh%
yUd8xc@O
vd9IGI!%
zO@dgN2f
cLlKKzOy
tzkUQHfo
hzdiu2$r
@gbuwuP$
qa?rB26?
kdwJNgjq
IBnflfhk
%bnWqx%F
kKPSMnDx
tr39qQdC
x&833e4Q
ZTQ@UbkY
niWys{pZ
uq5VMy&q
PSSksbu9
}aRYgYyD
NvO8sAGy
zUfJzwxG
aMAhSpHU
WAa?vS9Y
$K{$r&iu
A68lI@xE
?nq9KThr
#54}#n&3
?pAgVy#g
nkzgcf{5
p{QBWx!9
ToM@rH@c
&wGILGy%
b{?v%hg@
BQ9pXb5E
175nnqav
3Nq5Pgjb
GcKxRw9w
vKhwmJOu
Y!X4WB{G
bmn9KEYW
HYcvBkQr
%7dU61&L
E&#9Y2NM
HFEFqZ1T
2S}O%aes
zsp1hSlZ
V}jc9&s}
Dmu%y0t@
paA%9JMr
E9gG{OlC
?qGkR$CG
UzJ6aUga
VKYXg3Q?
ssH@dkh4
N6Deb6{%
$7KEcaXH
gtD2ZxSL
HpiZIX31
QPT8Gref
I0$TS{$R
PofAstB2
zOLvZdA&
PZW5knRS
7cik?5qY
Z}iCq$jy
k}J0KnAg
rozXr4cq
eMU&akQV
zO&Os7QT
v4!91j1@
E9iLiaqQ
{Wj$zMdZ
nxS59VK6
I?f5k#hG
Wu5J&}aE
YR{ohnrq
$NZHoUv%
6Ckvt}mU
LnMC4hAU
S{81}GNp
QEQQ#YO9
PDYvhUH9
#Vp@NkX1
1KnNr@vb
mH{0I8BV
Sf}VOSe6
NcA6jNcP
DC&W}DNF
LWMlKa#g
C&Vmf$kp
?RFrDUk3
Aus{}Qyu
}LAt}JyF
@RPwrvo{
Uhg%8dhf
UOoIX3&S
mbj?9Bjm
!D}@}07}
d@vTY6qc
KquUv1#F
6QJ0BoIW
@hJ9zxX{
71Qz?SbG
eCg9JnMY
Nww23?tb
uzUjG{wE
%EsxiIOu
MC@n@YV&
sc?5bE5J
GZ%}riE9
M0YOYqIC
fjOLPIMO
q3KVWOfW
nmyU9#J4
3NR?5EiG
We#cqQ&p
8cFXvA5M
rgkHuRRK
X@45%33m
r08OSwaW
zADuuD6h
o?#03mdo
TDe&5z{G
Qy6P2FSf
pztP58JF
nBTQFyxl
eqBJgBl5
#s5x$04X
byx1N2!x
n05Hz%Vq
bXAp%5&{
@#Wg@Jwr
Bj4%q{Q$
7RaL6mMv
HM%i{sZp
%K6IiY2B
Oth4l5?@
iqI@VUkJ
q4qUF6gr
g}Nn0YfJ
0h$nAK4o
pTD9oPoC
HMZSUWu?
jyRSRB@S
}NE?qDGs
p5XNb@WG
XAN%MrAT
yQpj78!a
pNrS&{d8
IyhmVtFY
F6Rv3SWc
tt!W2pcf
QdQ5&I1J
#OHbBwdo
appYRSRA
3BFHV@I!
2tjrh31&
Qe7PPkhl
r9gN0noY
3qIjG0nu
I3f!xbAg
Kxa0BNoW
hbqJ?4qX
M&@#jZ{%
pRTOC7n0
r}0w4jk3
LHW$YBEf
N3RGew4?
k?jA5aDY
kqW2Rk45
9TH7Cu2$
GchXLSt$
L1CiR0Jm
KcPWfZFr
kgTB&{vP
WnErHheb
fd}&FUjo
JlL8%BLi
KqR4mX01
zOkpUT??
CIxL7DOB
QTGFftBB
%egM0TZl
%eeGQMh7
$VCR84%&
H1rRyT%x
zmsG{Mju
8Go@3@3G
6#i!2AI1
&ly5$?@&
Q!ra$JhO
VCyZh1OA
$1W&gzzj
RuqtoEk}
euW4ibsm
a7yKCNd{
mbtFLxyO
%%J8#fo3
wgFxq7NB
JltV3pwJ
MY4#J7U2
MQCOj?Pv
vV{2zSRJ
!RDF#SCB
uhIGPG0@
ix8&ldtA
RQc&HwJs
ozsX1GeG
G$HpE6uy
pbv$@zsk
!B26Y2sb
#%#6kAof
%$RdTkaW
rlHt04&I
Ya#2I?!L
06za4hlK
{p$2?UJW
8vwTHSJo
&uzcJT}4
!EcnU0FM
FT8As7!G
arHtL{dt
e9d4@Sox
wwbYM0UV
4uGe%Ii?
2l8?@Vf7
2g7h{aJ3
s?t0NTwU
eMuxFXvf
ZRUyKS5r
V%FhgsOH
O{HeIXNU
%nN4zaVX
}@my5!Wj
RD8GV2D$
XtFvL5XZ
3FUi5Dwy
HdHKnuYG
5&wa1{Vk
HnxEOeZt
7Jqp%F2v
xDA1rChB
vrL{HYXd
5vrTpOT7
vxz$ej9h
Er85BteH
22dpTX5L
o!WHDPt$
748jN0CH
ZY}u7#U@
f0CIRq?3
#B66BEwH
DEe54EqE
3pyN2CFk
T9Yj6iwV
uXm0tG@%
k@Z?49dw
v@{mqywm
Mbt172x#
{Jkj0l4h
g9xm%D?{
Rwcz$4{v
OHcvmmsy
1UI1Rhk0
4{w0Q5xQ
qs2Sn}4{
hi!$w?ul
fB4Nsokf
wgHvfSEP
L!GLAe??
89B4MCyZ
sjIjvqrm
5PMiaSeZ
RQgtM$iG
nv@6vuyv
BWMO5{uC
?lTJIW1j
yCo?FeDm
rGl66@J0
?#E7RDOX
ifEHrgSd
y{UrjWdC
F7SFG}}A
Qx451reU
rl}zCP{7
IZkUf!9}
uo7qLhcx
EDnxwhCc
dB!Ek%Td
OM1%}Wqd
VVPl#hHG
il7i8330
gj1sfHd%
l4FZ#Z&m
9Z?HC8P6
vEQ45y&v
LiL6m{rx
5b1n3rpl
g46Jcd5{
rWIU&vbb
tm##x%LZ
qGj602T6
2HsCE?E#
0c}hXph}
6BgEwH9r
tj3aVP$h
1rNx{DA8
BkpI9TIR
3CCa0mgq
m@ihLjwM
y0?YPLDs
FDkRuBk}
kOG@XFQk
bDhGcSvo
27vN3ivF
kzKwvp8y
IYH9l2ok
eI5OVoJS
UYhWdtz!
xmkMDFEs
AdYElv3$
B?Z3WMkG
DWB?hPq#
$&nGtlj6
M6z%k4bB
9Dw2dz$X
8CmqY5cV
Q}kKYHDf
}}98c$n!
?8AAQUsD
dZr19AU2
}APo?2nG
EXal{GYb
FptRBgCu
6ER9%uc3
YYa@C@d#
md!hr7GW
7nv4NIab
Q35{gbNc
kDx}txfx
d1t2KL6c
tGKl@jt9
Odc1DPi9
bMwo?z8a
LhF%pF#d
NwWpGx5R
6{5j3Kvb
rlWElmqw
aCo?qxfY
0QcI&HzP
YXfS%Q#b
zcY#SjHe
J7?C0Vrf
lcgvCNI@
UBQKS9Z6
aqaDM?#5
%yusuOz4
k%SYSKqj
riFiVA6R
RATHEUri
5GH@0Cpz
%}%Ct}gx
Ih0tyH7f
}Wghx4yB
y5!NyZaF
hN?V5Xhf
nJmKXcd%
pCKuw@f9
#I%QQR7i
5ul}y?Ce
g6nfibzu
?INQM9T4
Y9aabtaB
lFFMDCRW
q3ciqOGB
B2rf@2qB
@F4FpU8n
%eCXDyf@
EA@xNO2j
SN%dZXrm
01q#vSvv
0dB!lvsx
Y!4Tr4tk
ba}!#HCj
a0MZMbUp
qOCI5eyJ
VA?E&{aX
SzX@aaBn
WI?fBfgB
H&Xl$98z
Idd%Fpse
5s&QFDZy
2dC5AJsx
kkJGwxUT
amK%TerH
yHpRnFfT
lcvY95Lk
cIWlCAss
xJJe$uia
fNqqSEaz
zx@$s}k@
SXrg@gSV
IzX5b?yq
4EuJlrrz
$%c{gTRq
jwYgFS@L
}!jDBFwV
MGKMFH6?
Gt!yhR%G
fqauqm4{
}ky0aWPz
1sVT4sgQ
Su#CgkOs
zBvK9K0w
E%xyLKr9
U#FBaJt!
}r#!59?a
yPP2NE3T
}MaLHWVq
DD6@J9i!
qyue8PNC
oxYkWrb2
5jH1wH?{
HL!s@eKI
6SUOoUHP
Db%44anR
}0jAPeKv
4xj5X4Zm
EPS1qUyD
0xvj4btu
H9&ctz8X
QA8e!P7%
uW4flsuJ
18AVkOuc
L#vgWW7o
l5om23yp
5Vmdl5pV
zLu1!j{H
JO9QtMDu
8POYis2h
lWt6i1Nl
nhEZA!Hk
jfKMM%4g
NNBC#X%Z
t58$n#Pe
o1bfF5ik
?EqiucUY
3q4IEY9@
%SkcNpxg
@wDS6olQ
8WI&nskU
xdmnmSyf
BiaGclbj
?t2eictH
Mz#4LIlI
}0S}DSm!
zeaBo8#4
URV3QBD@
!xLs!Iq7
LL%S{lqf
6{6X024y
ujGiO1Rb
Yl7TUt$b
P1@F6t36
}Zf?2pAw
cF14a6&O
IyRWKktW
wB8undUP
dkzgCP&M
o9lKiOwd
pPIqEIjm
@#mlWqZ#
gCDoX60r
GilbzIO}
TdFMgpq#
y?kdsabC
HaIBlYC8
9OiyW9Ka
x3%Q}Ds0
K6oDNLz8
k4HYpDdQ
JQbh!W0K
NTS9Z@Qp
#GQwB4!t
w3R50VEk
j#Ia0hGY
JUfiZ8Zg
$6{2t3&Q
wts!LeGY
p#Rvz8hO
CEo?T5Vt
Lb2QA4CK
wK1fgqQ3
6UsHeIML
T2t7rE0z
RN3kTzH!
h8yLo4BY
@?lkQJq@
??Ry0liN
kzNGKOwO
d@QQ4w1b
yJpiOjEu
fqdOTP4Y
61IP!6GM
RHPOnIA?
@aRKyk1Q
Ho@W3Syk
0GW78aau
i8JMLyU@
uG}7pXG1
3Bz!nHXA
kwLPkj%1
JAe&3Y74
3pSXMcBz
8TR1{boE
yuhPcd!P
?dKOF}vV
gWGGdAar
2hTQG!il
tMqCNd9B
#goga?H4
1CTfnhjf
aoiGeLWx
eob9Qx%D
iDZP3wqM
SiW%Fov?
K?#Fm#yj
$3iSZC01
z{OCq6yx
nqr64Bvr
nC@EfPMr
3xouv&Uf
h4zqoO!6
gbVb7HHX
h${tBhaQ
FlBI#oZZ
ycK5!fXJ
pC2fweFq
@FDhOI%x
Cj#oJX11
h$$y%asu
Qmuw%%Ba
G1w6zo7r
ouph{$UZ
rYEManqp
Q4yw#!F0
REEFSyK3
qfHMk#gU
&FpPGK&6
uIlw2viS
Nj!{kZ{l
oU@EL7{h
mEEunGJ2
i$zrCYQx
nX}gbzX@
yuDqU3If
hl%Lvg?T
JD0EnIv#
bd%f!Fb$
zT?hNV4c
TJAY#2jB
4P44xek4
Nu4H9G3N
ZA$l}kb$
yz0HwA7k
S3whiOnx
rUxVv}Cz
yK%e4Dq8
&{{}szPl
2Bfc7HAe
HgGbmwgb
xP50RIay
E8Gs8#Ow
ek}%yY2{
I7e%725h
8Oh4SKd7
FNwZjoJp
ojqc4Sdi
M2WqAU6Z
u%mb%iMh
bt4mNCjB
L8rV75d1
!cnWsFzT
XYk2x4S5
f4k!B0mb
qPWzkmTo
mgQ#Mmvr
vy@vZmnD
CJ1FwAoo
prqueH{x
gGY{muP6
6xrrOqNV
PkJvvJ41
KQdlXzBr
m0yS{O9i
f3YJQ2FD
!vPybz3D
Fe1gMdNV
G9U}g@n%
DOSk?HuG
QhXE&6bk
85MROi%f
1dhoMQff
@8H4$r{}
z4XjdN%p
FYb9E6Tr
dX%UDNHD
TZEy&!EG
K%fWsKiC
dLufvbAA
feLkWCob
!eCsXRTD
rrhooWTN
$XF14KdY
}t1VFpqR
r8?m58GA
arTj5dAz
Hb6k@qw&
#?ZESLP3
ZSFi2uE5
8%QKHR5?
hE4MAv9a
XsZF1S65
zb3qm9US
kF@x#Nxn
UJaG!v@3
E!KmDOU%
niUfXc87
6fFiEtoB
d!jKGmqk
0MdwREng
Eng88L7J
ZsxHPcY3
t6NcAewb
WDtaN#nk
ziAm!CaX
h1c9HJIh
QIOJ%oYO
QYMG5Heh
8Y1xwxVt
Rb518f%}
zMlewYsS
}HTOtQ}X
WW$}brEO
cz3D$Cy%
mGQN691u
aOq@OxEt
fQ!8ZcWR
Oq}IAR}$
A3jRLNZP
3$0!t&IB
@E0Yf9FQ
h{Ab#mmL
80XUb@O0
XG3$8{7%
oTJCSyH%
CrJTv91e
kDMHaVm0
4edvmd?4
qNiJjIaN
7zA05qlI
EjC3r5e!
qIBdu$c?
0xzgT4iQ
nXKvk1fw
kU8%v4C{
nZS#ID#x
rsAD8&bF
IiHGV@64
P2O76PZ!
w%sp99SV
%#FF3i!a
!FM8U}#@
kie?@a@b
Cr0#{R0I
ez3n@zLx
o3cqg3X0
gFpMIxRx
$e}$nZeZ
t?Hfqj0p
WMwLwQ9Q
}Qiih}Gx
%Q6q7Gaa
9tt2ub!%
}oyuv7%Q
K!EZKn#i
8hi4Ci3S
rcMUQ21V
wI1Ts1FI
1kn$PV@V
pSvrA7GP
nl13nIc5
y?h#O8zM
YYE%{gRB
de1KCiV9
{4JQmH%h
l8!3X}Rr
1J?6wJmt
l9gax@@@
BPdloial
3x{Xf&QI
1K9}&Xm1
ekHdY3Z}
soD0&g89
QtHIk?X2
Yr@zof6p
zTVGP!ve
#2xcug6d
EX6vulHr
U1xw5b!Z
#AtQz1T@
g4jIiI$$
?E?m6@l#
ZdW4!Exs
Wti}8@8H
Uh1PEiDT
O%cwUvzN
mx2#ZgyV
p!PL%!X1
caFj&{5U
LxlC4wYX
V{lWKQ&E
1qcuob}p
2uY66yua
50lE%XWw
1GT4k6l?
rXqc}lAS
4O?%Y#en
I9Qkc@o@
DY!%jY?E
PjLipsuG
mAe6szV7
MXbYxj6S
80JFMed0
mzn{KF%Z
n&P1#DQL
A173rL5q
Rbk!VGE1
9wWyKuVd
6zMqaPLO
n!@ZVnmh
cq9$UQy8
8U{H}wJ?
iLki@jwd
92pB$3}}
}tfn$fDJ
S3L$LsVX
T7Q%VKCB
BIY%Y9ET
2tkvHjo5
v1tXQtRG
8Areol4o
r#weNI@H
w5vo?1U3
0l9G!uZt
DMhHN%}d
L%s9h}O%
h9%JS{&3
{wZ9}%OG
cZVeQl%m
BxWliJY0
SqqOAbxA
Qv!Ju9z@
0uK{Cq$p
a%96rHbK
3vPZz$8j
&6QeDF%m
Kj%hQIxK
Y#L3DG7T
NX9D?nBf
RmGyXWGZ
ya?wb{h0
uOnp0YMh
3PjkvAvv
?YIkqNOw
G}N2ut%I
n6jCCQaF
jnl0N9cu
1m3Tp27}
QY84!a%{
B$O?#lNz
vkCJzn{4
Vhm5Bvqq
8q&GyA0r
KK0XQCRa
h&k3HfcE
uldLtq}W
Zkp{cVy&
R{UvH2o7
QW60cjjZ
yjTT%M?m
z7PRzLbK
3Q8vC1fV
vp0Q4YRQ
a@yw2tE3
o&Svu5rX
M5nss0!c
VSk2V@nc
kjahCiaQ
{BRbVzZ%
}ahMl7No
$8rofrS#
lx0KZArz
tzX55Seq
k#Kh&IuL
Edb%gUh7
YkY%hCdn
{j3Az5qM
ikt8NJJy
DaWT@%p{
4e6&C{7a
hiL}oBBu
0XCMazRA
4i@AxjNz
9ExFh#QB
6Rwl00xY
sP?LvV2W
X3r960Zw
zxos1y5C
TirZ4qPu
J4uFpZsK
ZnvXPYH?
0fOjmSHY
6HRMBu}5
6WTvPyoK
IFWnnweX
$G6IKhCT
XJhICfM{
PBPdd&y5
HQ3plgDg
%hTvwsrs
30g@n4MD
D$o%WJgL
Hsq{00z!
Z82VWevr
A3L5bk#4
nb}urI!R
GjVMc5o9
F9Ev00U3
GjYRH$H2
h14d}9GO
CVlN!a}v
Z40h5Dm5
IE#Eim$@
mf&0lolu
rGqL1ViJ
hwp@EcB$
Gi6YA1%W
Wq&htMhl
l&$2VoWS
wByPQY1s
YXPe{XbU
OY@9C5ZL
DZ9WDZpe
$KTMLv{l
}$0X77Y{
2HJmuwqp
NzjdxpIO
sfcb&zh4
lLFePcbF
g!mjF0n9
CWM6hW!n
Q5A1jn6l
fqyFGTxH
7mH6!JmA
%b3!}}Sf
&YJuEQsV
TPg94tMm
47L6R7fz
SmzBtb9v
B$Lg?Pq8
eckILJW%
MrqesX%4
st{N}MhB
k#FQ#SC3
ZYamVcZM
$sTr}@7F
eHifOHuA
xgYFjGf5
RG{6%G}x
zB$GfLvF
XS62W&gz
dNnjcfIt
uH8S3!oq
cbgGQ!8J
M@6D6!Pz
J$L%@sdt
okYOtsqx
@d7h4}%g
71hJbguq
LV1ptT03
yAGt1TKv
nGSBQX%H
KwkuDam{
S$Kk$2FA
1zRl!ib1
0KU{NDBQ
z3QzYszS
5H?9c9q3
%wlTFRcQ
Ak$VOTyY
uaZnkj33
OJNFRDQD
FJ7$kt}K
Jm26h9Fo
C9}tAm5C
w3Pat8Fm
Gcgk8q$X
a&l!zCLl
elK8{vD0
k10wtOfS
IrRt8vc%
EoXvrK?@
}zsn!Sd?
SLdEYXdW
I2SXJ$7%
KUhXZsKT
7N#H&bY7
5H@ZxQ1{
6jC0UAqt
t%TScp81
RjtqAJw%
DuguFDgU
6B!APvTJ
74hyxWgx
Df$Bx0Ym
?0SydNrY
$EU}XLWA
a@fG@Q9H
3Gr}xli{
5Dp05@$R
d549Xn5H
b8k!RHM#
D$h3@V6G
D0uHxU%R
hfmYSyFP
LS2h}rAk
}0FO{KLC
{nJ2a0Cr
0UA}qp4C
F}yCnIsH
UxFdMjGh
zwBljO4Z
bJDLx8sk
R#rWEhwK
bdFJeT?b
GoI8zEkC
lnVj0Ioy
!UFSqo0?
3UMW@ATW
@5TYJ}7G
{bg6%JSl
e%P{}p34
5bfD2ehL
CD5SZPix
Ps!dvjgn
SIULu{5B
OUL9eCop
h6ieUga1
t41F}{}K
GdfhP0ow
r{0w87Kl
sUHiz3mV
AoRcmT?V
suTzxRYu
s8SLLKCv
@az9qS5g
D0ON5u#k
rIN$}z2t
Tf68JD&s
JpSwgZ{J
s4NKPW?k
i3?2ugkF
S3H6y5Z0
Uf18&raf
xJaUhgXg
nj!qMIID
Bn&#M0k}
T442LZt&
LRtDvpC%
ekGI!ECk
cMu4&7@I
h2h%trYw
{Hi$fsu&
QQ1$B2cU
14tc!yi6
z78sIhl#
pCKTC@Ar
hZVFPkFW
cmQHGcib
MhigLMXp
Ct!D&dRH
x2u%6xqY
LrECM%Os
P9QfD#Xc
NJ%0P$jI
zVJ6BIL5
$autTNaj
%XCTiBlG
OM3#8SMW
iuefk&9f
0s1Pwh4W
%PXXRik}
q11yWNa3
JycqJ4J1
@i5$%e6u
R$Ua3H&N
g3hdf9Ta
ex!nuCSa
rh&3A7n5
RnFDXj@M
l!H$foGx
nXgYPk#X
edmE$o$X
1Bt&Q7U$
mD9fzuG7
JE1IP088
Gk}1of5B
P&DbyI0Z
O2n8#tll
GacaTe8u
3xxDmCpR
ghSE18nY
IqPfGH7V
Ca0Mw0DA
2l0nhV9L
XSyZv0eJ
#nru0l73
EDxQew{T
b2L1vT0g
28?}kLle
Y8!qZp@y
Ck8Pu%iF
RzGBng5Y
0pChIG@v
5e1pm62V
igd0D}My
DeMLIJFu
xXDTb@RS
BVKgXnds
rKsGt1$@
&XoR92&6
uh@oJ5&F
5YQNvbGP
&Fa2z9Fx
Iw42@RPG
bDyrsHDY
gdp5r6WU
FM42OlOX
T536!i#d
wPd}PX60
G&ZIx6y$
ygMvEi9r
Bc$N0U5?
qwU}oz@l
UPzZ8tPU
nit!l#V!
7{yTzE}7
uglZ0kw2
ocN&Q%##
I1P4$K2@
gE9mXgXE
UBaRgxfs
ins{Px0u
?Awkq%p8
B&GD%qqe
!#by%rup
Tz20uIg8
GSNA@s41
$TUNTqkY
oY1VlZq?
EBJDxVKe
o{&rqAXb
pP3vpVRd
5n!aJ$a@
8588lBO2
t}jyIrfO
oieQ#vXq
MQhl4bYP
EvCf1Qs$
MlwK$n9#
JHYAal@j
cFS9}aaC
oxceqRfs
QKYk545O
gpu35BWy
UAwXUnsH
8!JRJ&t5
BOhU@XU?
KWpeZ0Mc
IYiYUSO}
9Kr02G#y
1{POW1u}
A0W1IX#Y
DOMzO{P4
eudS{j5O
%kbnWseh
oJiAM5jJ
MBe{$2W#
uX%4TcZo
#F%iSUDl
RZRs8BxE
sbadT}rx
twNn&9w4
VKkfS6G}
A}LL#JAv
T8RWqcH#
H?8@#3{X
AqX7@&tN
T$bMG2cg
07unx!Fd
ytTurhZp
@HjA#DTZ
?gu{L?xj
IeooA1SA
5hj29e$m
dG{tZisc
%J3w?{0k
%}gIl602
D@Vx$ulR
Ct5&BeWa
NyJcA1Ja
DSNQpGSy
EjzcQZe1
{O4PxrdQ
vU#Gi6RC
4iB1Ujux
!UJ3eOfd
AZ?u}PGd
pgZqisF5
PuTto3ui
{wyoTiOB
N{1}kfdv
01?LCAv3
yoV3t1Ue
S@bESfLQ
}qQ9C#S9
L1QYOD4C
jlA65FQl
%n?l8Zv2
mImyVQ!z
%t%B1LZm
sXAnXBcO
aI4ud6%O
KsMr!}{$
6FxE68c{
}ucOmlGz
tg?MU9Zw
rBDk#RGD
0cq5nX1p
21UdMEZz
LtSfnCkj
&hoEIXFJ
7Cq9FsjR
k{I3E@bm
bBjzbt0h
JAxA50c%
&ocR%6c#
mX@WksRw
lYwKGu6e
}QY2%A5U
Q!A6GnRu
#usz$C2i
j2VYso!1
4$FxW!U!
riL6Cgmg
VW9!OwwK
A$o8wQFj
NRS0vg#T
jQu!je}1
FeE55%zw
M&2pKAcT
%Ijvn4XJ
Q%ctx9xA
9?Wl#qzy
7h1%ndVw
g37I!%pN
vGms06jx
F24zaHnq
D%gYJPq}
O?3s39!L
K9gQtz3n
Axy{vTXU
$shmieeq
H306Y5W3
DC62m}rb
DNap!!Xp
Qw#n}t!$
}MPLXZn8
zWf3xrT6
TI8{60Fj
NXUfEgef
{6eC@mrl
&O{@9Ei6
kdjuvLW0
90hf{Kl}
Z1m$QM2P
U8ZrU6NS
&{96Ep2R
BWuyB{BX
CDWr#v?r
DKaRmbzu
GOwjFv#!
j&o6RxzN
jC7nH$0V
X7ucYdE1
x37sIP@z
bGghSoP7
ebQDOgup
k5ee!DN9
}i5jzXs8
k03LWPjA
E3LDurhw
Ie}WVHwf
qTPSxFx1
$86SLZt1
m7t&s2&d
btmobaGg
Ix{51E}I
AqyZq}2m
2UqaTbrT
ujH4xI96
xa5tLtz0
IB!IqK?I
BQjg2#RS
?Ah4eZ#5
DHZ%Uara
wmjbjrOW
jk6f&%hj
IRDugk?A
7S5oJPXj
dIuO94#s
D$tGm6#s
bDnaLr%T
Wl}WC!ST
b3SBELau
nm8qls7f
@n4cbBgT
O2uG63V%
JUO$%md{
y!J2o?{g
fOhpUmuh
WbzZW4Xx
GAUgNkTr
E{Nrnt$r
#cu7uKJz
jHUdtSYj
96XK@bFv
GtsNU8{2
cXYU3cu6
{jg@fV?C
MOQHGGaU
mVdTRGu3
JIqK5AQ%
{lLKmbcd
IaP$%DSw
igEgOkAf
jlLxXv&n
XHEVXoZe
O#5RUvVM
Z93Mou1D
fAQXKz8G
?Pw#rorx
Zi2?RaFi
@!5NkCIm
XdBPMkS$
f4QHapqy
PshPKoz!
beAVlt3&
jE%CWcm@
i1pouRYX
O&F@0X?8
94MMkIjW
yAukA{FQ
JTq!Ih@}
vgIMEdQ6
8&vHngvn
i8Hy8#2t
WH!qycNH
aJITCxV{
GedQDv!k
Ut8HhdQ&
tpAb76ih
3#Qc2!tW
T8AratY1
Mu}ck!5}
!Nc4paaA
Ok42UZox
J3A6f}Rz
0jxVapz2
EKhTiP2D
dhqAybF?
e4BLjh3d
ua}tEy$d
I2?%Du@U
{YUkaSqA
aJ!i49lf
MwLVCqxH
Vo2a%L5L
TS&dD#Px
&r}%6fN2
14DOilu?
iBU1H8u1
D61ROuW&
PEqN%Pv0
y{uIkhzh
bl8gCPl&
8J@oDiEU
Gr9LbNNc
fQI#}twZ
juBKOlP{
$hte&AFP
}NMtylnC
%$gH51U%
pJ{wYoBH
bS5mtaSM
JZto6ceI
k?C5Nqzi
TEV!wJC6
Mog}0mg8
A53FPSP7
325Q?7?I
{KKfQ0!c
g}?!ufDp
rRbEWG21
E{5jh!Me
69gtNZd7
SXAZlgHu
FZj%QhnT
hIa%6b$r
rtrr%ii0
IypO1usz
&1hbG4wX
fV}h@fIY
juoc??t&
XtI4%BPu
@8aXfQe#
nI5Vc$Vj
kfRSHY$v
!Rf!p$3M
1fbQ8$%n
0v{b32}g
R0%sJ4i8
xWNZ6D6H
pLZC&%ey
NL3CG9vr
iqSzhx21
&NMQEclE
IDF&{zuM
51e0uew8
A!3%UIlk
0hJo#80x
}v&dgkL5
G9@Tyjc!
t{{TnHSc
k1WqPjCC
xsAspoBJ
As3STTon
sKDraYsg
nKGAUjuC
N}h@JuLl
8?RBS1U6
t30hJtR5
{JG$yDvS
T56YcEUs
ctUNSrg?
Vds@QTKb
KcVX!S$Q
UU9FjQLW
4hvPVlSl
JPYNJ6O{
R7CwnliN
1zCbdzJk
JKDRyD1U
